| externs/es/es3.js |
| externs/es/es5.js |
| externs/es/es6.js |
| externs/es/es6_collections.js |
| externs/es/es2016.js |
| externs/es/es2017.js |
| externs/es/intl.js |
| externs/es/proxy.js |
| externs/lib/bdd.js |
| externs/lib/jest.js |
| externs/nodejs/globals.js |
| externs/nodejs/net.js |
| main.js |
