| Arg(main.js:<9,13>--<9,26>,1) | [ArgToParam-1] | Param(basicmath.js:<8,16>--<10,1>,1) |
| Arg(main.js:<9,13>--<9,26>,2) | [ArgToParam-1] | Param(basicmath.js:<8,16>--<10,1>,2) |
| Arg(main.js:<10,1>--<10,17>,1) | [ArgToParam-1] | Param(Assert.js:<4,1>--<8,1>,1) |
| Arg(main.js:<10,1>--<10,17>,2) | [ArgToParam-1] | Param(Assert.js:<4,1>--<8,1>,2) |
| Arg(main.js:<12,1>--<19,13>,1) | [ArgToParam-1] | Param(main.js:<12,2>--<19,1>,1) |
| Arg(main.js:<15,5>--<15,31>,1) | [ArgToParam-1] | Param(Assert.js:<4,1>--<8,1>,1) |
| Arg(main.js:<15,5>--<15,31>,2) | [ArgToParam-1] | Param(Assert.js:<4,1>--<8,1>,2) |
| Arg(main.js:<15,16>--<15,30>,1) | [ArgToParam-1] | Param(arraymath.js:<5,1>--<7,1>,1) |
| Arg(main.js:<16,5>--<16,32>,1) | [ArgToParam-1] | Param(Assert.js:<4,1>--<8,1>,1) |
| Arg(main.js:<16,5>--<16,32>,2) | [ArgToParam-1] | Param(Assert.js:<4,1>--<8,1>,2) |
| Arg(main.js:<16,16>--<16,31>,1) | [ArgToParam-1] | Param(arraymath.js:<8,1>--<10,1>,1) |
| Arg(main.js:<18,3>--<18,20>,1) | [ArgToParam-1] | Param(main.js:<13,14>--<17,3>,1) |
| Arg(main.js:<18,3>--<18,20>,2) | [ArgToParam-1] | Param(main.js:<13,14>--<17,3>,2) |
| Callee(arraymath.js:<6,12>--<6,38>) | [Return] | Ret(arraymath.js:<5,1>--<7,1>) |
| Callee(arraymath.js:<9,12>--<9,38>) | [Return] | Ret(arraymath.js:<8,1>--<10,1>) |
| Callee(basicmath.js:<9,9>--<9,27>) | [Return] | Ret(basicmath.js:<8,16>--<10,1>) |
| Callee(main.js:<9,13>--<9,26>) | [Assign-3] | Var(main.js:<9,7>--<9,9>) |
| Callee(main.js:<15,16>--<15,30>) | [FunctionCall-2] | Arg(main.js:<15,5>--<15,31>,2) |
| Callee(main.js:<16,16>--<16,31>) | [FunctionCall-2] | Arg(main.js:<16,5>--<16,32>,2) |
| Exp(Assert.js:<6,18>--<6,62>) | [FunctionCall-2] | Arg(Assert.js:<6,6>--<6,63>,1) |
| Exp(Assert.js:<10,16>--<10,23>) | [DefaultExport-Exp] | ModuleExport(Assert.js) |
| Exp(arraymath.js:<6,37>--<6,37>) | [FunctionCall-2] | Arg(arraymath.js:<6,12>--<6,38>,2) |
| Exp(arraymath.js:<9,37>--<9,37>) | [FunctionCall-2] | Arg(arraymath.js:<9,12>--<9,38>,2) |
| Exp(main.js:<9,22>--<9,22>) | [FunctionCall-2] | Arg(main.js:<9,13>--<9,26>,1) |
| Exp(main.js:<9,25>--<9,25>) | [FunctionCall-2] | Arg(main.js:<9,13>--<9,26>,2) |
| Exp(main.js:<10,8>--<10,11>) | [FunctionCall-2] | Arg(main.js:<10,1>--<10,17>,1) |
| Exp(main.js:<12,1>--<19,2>) | [FunctionCall-1] | Callee(main.js:<12,1>--<19,13>) |
| Exp(main.js:<15,12>--<15,13>) | [FunctionCall-2] | Arg(main.js:<15,5>--<15,31>,1) |
| Exp(main.js:<16,12>--<16,13>) | [FunctionCall-2] | Arg(main.js:<16,5>--<16,32>,1) |
| Exp(main.js:<18,11>--<18,19>) | [FunctionCall-2] | Arg(main.js:<18,3>--<18,20>,2) |
| ExportName(arraymath.js,ADD) | [ImportNames] | ImportName(main.js:<6,1>--<6,44>,ADD) |
| ExportName(arraymath.js,MULT) | [ImportNames] | ImportName(main.js:<6,1>--<6,44>,MULT) |
| Fun(Assert.js:<4,1>--<8,1>) | [FunctionDecl] | Var(Assert.js:<4,10>--<4,15>) |
| Fun(arraymath.js:<5,1>--<7,1>) | [FunctionDecl] | Var(arraymath.js:<5,10>--<5,12>) |
| Fun(arraymath.js:<6,23>--<6,34>) | [FunctionCall-2] | Arg(arraymath.js:<6,12>--<6,38>,1) |
| Fun(arraymath.js:<6,23>--<6,34>) | [FunctionExpr-2] | Exp(arraymath.js:<6,23>--<6,34>) |
| Fun(arraymath.js:<8,1>--<10,1>) | [FunctionDecl] | Var(arraymath.js:<8,10>--<8,17>) |
| Fun(arraymath.js:<9,23>--<9,34>) | [FunctionCall-2] | Arg(arraymath.js:<9,12>--<9,38>,1) |
| Fun(arraymath.js:<9,23>--<9,34>) | [FunctionExpr-2] | Exp(arraymath.js:<9,23>--<9,34>) |
| Fun(basicmath.js:<4,16>--<6,1>) | [Assign-3] | Var(basicmath.js:<4,5>--<4,12>) |
| Fun(basicmath.js:<4,16>--<6,1>) | [FunctionExpr-1] | Exp(basicmath.js:<4,16>--<6,1>) |
| Fun(basicmath.js:<8,16>--<10,1>) | [Assign-3] | Var(basicmath.js:<8,5>--<8,12>) |
| Fun(basicmath.js:<8,16>--<10,1>) | [FunctionExpr-1] | Exp(basicmath.js:<8,16>--<10,1>) |
| Fun(main.js:<12,2>--<19,1>) | [FunctionExpr-1] | Exp(main.js:<12,2>--<19,1>) |
| Fun(main.js:<12,2>--<19,1>) | [ParenthesizedExpr] | Exp(main.js:<12,1>--<19,2>) |
| Fun(main.js:<13,14>--<17,3>) | [Assign-3] | Var(main.js:<13,7>--<13,10>) |
| Fun(main.js:<13,14>--<17,3>) | [FunctionExpr-1] | Exp(main.js:<13,14>--<17,3>) |
| ImportMod(main.js:<5,1>--<5,37>,basicmath.js) | [ImportDefault] | Var(main.js:<5,8>--<5,15>) |
| ImportMod(main.js:<7,1>--<7,38>,Assert.js) | [ImportDefault] | Var(main.js:<7,8>--<7,13>) |
| ImportName(main.js:<6,1>--<6,44>,ADD) | [FunctionCall-1] | Callee(main.js:<15,16>--<15,30>) |
| ImportName(main.js:<6,1>--<6,44>,MULT) | [FunctionCall-1] | Callee(main.js:<16,16>--<16,31>) |
| ModuleExport(Assert.js) | [Import] | ImportMod(main.js:<7,1>--<7,38>,Assert.js) |
| ModuleExport(arraymath.js) | [Import] | ImportMod(main.js:<6,1>--<6,44>,arraymath.js) |
| ModuleExport(basicmath.js) | [Import] | ImportMod(main.js:<5,1>--<5,37>,basicmath.js) |
| Param(arraymath.js:<5,1>--<7,1>,1) | [FunctionCall-Receiver] | Receiver(arraymath.js:<6,12>--<6,38>) |
| Param(arraymath.js:<8,1>--<10,1>,1) | [FunctionCall-Receiver] | Receiver(arraymath.js:<9,12>--<9,38>) |
| Param(basicmath.js:<8,16>--<10,1>,1) | [FunctionCall-2] | Arg(basicmath.js:<9,9>--<9,27>,1) |
| Param(basicmath.js:<8,16>--<10,1>,2) | [FunctionCall-2] | Arg(basicmath.js:<9,9>--<9,27>,2) |
| Param(main.js:<12,2>--<19,1>,1) | [FunctionCall-2] | Arg(main.js:<18,3>--<18,20>,1) |
| Param(main.js:<13,14>--<17,3>,2) | [FunctionCall-2] | Arg(main.js:<15,16>--<15,30>,1) |
| Param(main.js:<13,14>--<17,3>,2) | [FunctionCall-2] | Arg(main.js:<16,16>--<16,31>,1) |
| Prop(ADD) | [FunctionCall-1] | Callee(main.js:<15,16>--<15,30>) |
| Prop(MULT) | [FunctionCall-1] | Callee(main.js:<16,16>--<16,31>) |
| Prop(log) | [FunctionCall-1] | Callee(Assert.js:<6,6>--<6,63>) |
| Prop(pow) | [FunctionCall-1] | Callee(basicmath.js:<9,9>--<9,27>) |
| Prop(reduce) | [FunctionCall-1] | Callee(arraymath.js:<6,12>--<6,38>) |
| Prop(reduce) | [FunctionCall-1] | Callee(arraymath.js:<9,12>--<9,38>) |
| Receiver(main.js:<15,16>--<15,30>) | [ArgToParam-2] | This(arraymath.js:<5,1>--<7,1>) |
| Receiver(main.js:<16,16>--<16,31>) | [ArgToParam-2] | This(arraymath.js:<8,1>--<10,1>) |
| Res(Assert.js:<6,6>--<6,63>) | [FunctionCall-3] | Exp(Assert.js:<6,6>--<6,63>) |
| Res(arraymath.js:<6,12>--<6,38>) | [FunctionCall-3] | Exp(arraymath.js:<6,12>--<6,38>) |
| Res(arraymath.js:<9,12>--<9,38>) | [FunctionCall-3] | Exp(arraymath.js:<9,12>--<9,38>) |
| Res(basicmath.js:<9,9>--<9,27>) | [FunctionCall-3] | Exp(basicmath.js:<9,9>--<9,27>) |
| Res(main.js:<9,13>--<9,26>) | [FunctionCall-3] | Exp(main.js:<9,13>--<9,26>) |
| Res(main.js:<10,1>--<10,17>) | [FunctionCall-3] | Exp(main.js:<10,1>--<10,17>) |
| Res(main.js:<12,1>--<19,13>) | [FunctionCall-3] | Exp(main.js:<12,1>--<19,13>) |
| Res(main.js:<15,5>--<15,31>) | [FunctionCall-3] | Exp(main.js:<15,5>--<15,31>) |
| Res(main.js:<15,16>--<15,30>) | [FunctionCall-3] | Exp(main.js:<15,16>--<15,30>) |
| Res(main.js:<16,5>--<16,32>) | [FunctionCall-3] | Exp(main.js:<16,5>--<16,32>) |
| Res(main.js:<16,16>--<16,31>) | [FunctionCall-3] | Exp(main.js:<16,16>--<16,31>) |
| Res(main.js:<18,3>--<18,20>) | [FunctionCall-3] | Exp(main.js:<18,3>--<18,20>) |
| Ret(Assert.js:<4,1>--<8,1>) | [RetToRes] | Res(main.js:<10,1>--<10,17>) |
| Ret(Assert.js:<4,1>--<8,1>) | [RetToRes] | Res(main.js:<15,5>--<15,31>) |
| Ret(Assert.js:<4,1>--<8,1>) | [RetToRes] | Res(main.js:<16,5>--<16,32>) |
| Ret(arraymath.js:<5,1>--<7,1>) | [RetToRes] | Res(main.js:<15,16>--<15,30>) |
| Ret(arraymath.js:<8,1>--<10,1>) | [RetToRes] | Res(main.js:<16,16>--<16,31>) |
| Ret(basicmath.js:<8,16>--<10,1>) | [RetToRes] | Res(main.js:<9,13>--<9,26>) |
| Ret(main.js:<12,2>--<19,1>) | [RetToRes] | Res(main.js:<12,1>--<19,13>) |
| Ret(main.js:<13,14>--<17,3>) | [RetToRes] | Res(main.js:<18,3>--<18,20>) |
| Var(Assert.js:<4,10>--<4,15>) | [ParenthesizedExpr] | Exp(Assert.js:<10,16>--<10,23>) |
| Var(arraymath.js:<5,10>--<5,12>) | [NamedExport] | ExportName(arraymath.js,ADD) |
| Var(arraymath.js:<8,10>--<8,17>) | [NamedExport] | ExportName(arraymath.js,MULT) |
| Var(basicmath.js:<4,5>--<4,12>) | [NamedExport] | ExportName(basicmath.js,foo) |
| Var(basicmath.js:<8,5>--<8,12>) | [DefaultExport-Specifier] | ModuleExport(basicmath.js) |
| Var(basicmath.js:<8,5>--<8,12>) | [NamedExport] | ExportName(basicmath.js,default) |
| Var(main.js:<5,8>--<5,15>) | [FunctionCall-1] | Callee(main.js:<9,13>--<9,26>) |
| Var(main.js:<6,13>--<6,21>) | [Assign-3] | Var(main.js:<14,9>--<14,12>) |
| Var(main.js:<6,13>--<6,21>) | [FunctionCall-2] | Arg(main.js:<12,1>--<19,13>,1) |
| Var(main.js:<7,8>--<7,13>) | [FunctionCall-1] | Callee(main.js:<10,1>--<10,17>) |
| Var(main.js:<7,8>--<7,13>) | [FunctionCall-1] | Callee(main.js:<15,5>--<15,31>) |
| Var(main.js:<7,8>--<7,13>) | [FunctionCall-1] | Callee(main.js:<16,5>--<16,32>) |
| Var(main.js:<9,7>--<9,9>) | [FunctionCall-2] | Arg(main.js:<10,1>--<10,17>,2) |
| Var(main.js:<13,7>--<13,10>) | [FunctionCall-1] | Callee(main.js:<18,3>--<18,20>) |
| Var(main.js:<14,9>--<14,12>) | [FunctionCall-Receiver] | Receiver(main.js:<15,16>--<15,30>) |
| Var(main.js:<14,9>--<14,12>) | [FunctionCall-Receiver] | Receiver(main.js:<16,16>--<16,31>) |
