| Exp(temp1.js:<3,15>--<3,26>) | [FunctionCall-2] | Arg(temp1.js:<3,3>--<3,27>,1) |
| Exp(temp2.js:<6,15>--<6,26>) | [FunctionCall-2] | Arg(temp2.js:<6,3>--<6,27>,1) |
| Exp(temp3.js:<6,15>--<6,26>) | [FunctionCall-2] | Arg(temp3.js:<6,3>--<6,27>,1) |
| Fun(temp1.js:<2,1>--<4,1>) | [FunctionDecl] | Var(temp1.js:<2,10>--<2,12>) |
| Fun(temp2.js:<4,1>--<7,1>) | [FunctionDecl] | Var(temp2.js:<4,10>--<4,12>) |
| Fun(temp3.js:<4,1>--<7,1>) | [FunctionDecl] | Var(temp3.js:<4,10>--<4,12>) |
| ImportMod(main.js:<2,13>--<2,29>,temp3.js) | [Assign-3] | Var(main.js:<2,7>--<2,9>) |
| ImportMod(temp2.js:<2,13>--<2,36>,temp1.js) | [Assign-3] | Var(temp2.js:<2,7>--<2,9>) |
| ImportMod(temp3.js:<2,13>--<2,33>,temp2.js) | [Assign-3] | Var(temp3.js:<2,7>--<2,9>) |
| ModuleExport(temp1.js) | [Require] | ImportMod(temp2.js:<2,13>--<2,36>,temp1.js) |
| ModuleExport(temp2.js) | [Require] | ImportMod(temp3.js:<2,13>--<2,33>,temp2.js) |
| ModuleExport(temp3.js) | [Require] | ImportMod(main.js:<2,13>--<2,29>,temp3.js) |
| Prop(log) | [FunctionCall-1] | Callee(temp1.js:<3,3>--<3,27>) |
| Prop(log) | [FunctionCall-1] | Callee(temp2.js:<6,3>--<6,27>) |
| Prop(log) | [FunctionCall-1] | Callee(temp3.js:<6,3>--<6,27>) |
| Res(main.js:<2,13>--<2,29>) | [FunctionCall-3] | Exp(main.js:<2,13>--<2,29>) |
| Res(main.js:<4,1>--<4,5>) | [FunctionCall-3] | Exp(main.js:<4,1>--<4,5>) |
| Res(temp1.js:<3,3>--<3,27>) | [FunctionCall-3] | Exp(temp1.js:<3,3>--<3,27>) |
| Res(temp2.js:<2,13>--<2,36>) | [FunctionCall-3] | Exp(temp2.js:<2,13>--<2,36>) |
| Res(temp2.js:<5,3>--<5,7>) | [FunctionCall-3] | Exp(temp2.js:<5,3>--<5,7>) |
| Res(temp2.js:<6,3>--<6,27>) | [FunctionCall-3] | Exp(temp2.js:<6,3>--<6,27>) |
| Res(temp3.js:<2,13>--<2,33>) | [FunctionCall-3] | Exp(temp3.js:<2,13>--<2,33>) |
| Res(temp3.js:<5,3>--<5,7>) | [FunctionCall-3] | Exp(temp3.js:<5,3>--<5,7>) |
| Res(temp3.js:<6,3>--<6,27>) | [FunctionCall-3] | Exp(temp3.js:<6,3>--<6,27>) |
| Ret(temp1.js:<2,1>--<4,1>) | [RetToRes] | Res(temp2.js:<5,3>--<5,7>) |
| Ret(temp2.js:<4,1>--<7,1>) | [RetToRes] | Res(temp3.js:<5,3>--<5,7>) |
| Ret(temp3.js:<4,1>--<7,1>) | [RetToRes] | Res(main.js:<4,1>--<4,5>) |
| Var(main.js:<2,7>--<2,9>) | [FunctionCall-1] | Callee(main.js:<4,1>--<4,5>) |
| Var(temp1.js:<2,10>--<2,12>) | [Assign-1] | ModuleExport(temp1.js) |
| Var(temp1.js:<2,10>--<2,12>) | [Assign-2] | Exp(temp1.js:<6,1>--<6,20>) |
| Var(temp2.js:<2,7>--<2,9>) | [FunctionCall-1] | Callee(temp2.js:<5,3>--<5,7>) |
| Var(temp2.js:<4,10>--<4,12>) | [Assign-1] | ModuleExport(temp2.js) |
| Var(temp2.js:<4,10>--<4,12>) | [Assign-2] | Exp(temp2.js:<9,1>--<9,20>) |
| Var(temp3.js:<2,7>--<2,9>) | [FunctionCall-1] | Callee(temp3.js:<5,3>--<5,7>) |
| Var(temp3.js:<4,10>--<4,12>) | [Assign-1] | ModuleExport(temp3.js) |
| Var(temp3.js:<4,10>--<4,12>) | [Assign-2] | Exp(temp3.js:<9,1>--<9,20>) |
