| Arg(main.js:<58,13>--<58,29>,1) | [ArgToParam-1] | Param(main.js:<15,3>--<17,3>,1) |
| Arg(main.js:<58,13>--<58,29>,2) | [ArgToParam-1] | Param(main.js:<15,3>--<17,3>,2) |
| Arg(main.js:<59,1>--<59,20>,1) | [ArgToParam-1] | Param(main.js:<44,3>--<48,3>,1) |
| Arg(main.js:<59,1>--<59,20>,2) | [ArgToParam-1] | Param(main.js:<44,3>--<48,3>,2) |
| Arg(main.js:<62,3>--<62,30>,1) | [ArgToParam-1] | Param(main.js:<44,3>--<48,3>,1) |
| Arg(main.js:<62,3>--<62,30>,2) | [ArgToParam-1] | Param(main.js:<44,3>--<48,3>,2) |
| Arg(main.js:<62,17>--<62,29>,1) | [ArgToParam-1] | Param(main.js:<27,3>--<29,3>,1) |
| Arg(main.js:<63,3>--<63,35>,1) | [ArgToParam-1] | Param(main.js:<44,3>--<48,3>,1) |
| Arg(main.js:<63,3>--<63,35>,2) | [ArgToParam-1] | Param(main.js:<44,3>--<48,3>,2) |
| Arg(main.js:<63,17>--<63,34>,1) | [ArgToParam-1] | Param(main.js:<11,3>--<13,3>,1) |
| Arg(main.js:<63,17>--<63,34>,1) | [ArgToParam-1] | Param(main.js:<31,3>--<33,3>,1) |
| Arg(main.js:<65,1>--<65,15>,1) | [ArgToParam-1] | Param(main.js:<61,12>--<64,1>,1) |
| Callee(main.js:<16,9>--<16,27>) | [Return] | Ret(main.js:<15,3>--<17,3>) |
| Callee(main.js:<28,12>--<28,38>) | [Return] | Ret(main.js:<27,3>--<29,3>) |
| Callee(main.js:<32,12>--<32,38>) | [Return] | Ret(main.js:<31,3>--<33,3>) |
| Callee(main.js:<54,10>--<54,24>) | [Assign-3] | Var(main.js:<54,5>--<54,6>) |
| Callee(main.js:<55,10>--<55,24>) | [Assign-3] | Var(main.js:<55,5>--<55,6>) |
| Callee(main.js:<56,10>--<56,21>) | [Assign-3] | Var(main.js:<56,5>--<56,6>) |
| Callee(main.js:<58,13>--<58,29>) | [Assign-3] | Var(main.js:<58,7>--<58,9>) |
| Callee(main.js:<62,17>--<62,29>) | [FunctionCall-2] | Arg(main.js:<62,3>--<62,30>,2) |
| Callee(main.js:<63,17>--<63,34>) | [FunctionCall-2] | Arg(main.js:<63,3>--<63,35>,2) |
| Class(main.js:<7,1>--<19,1>) | [ClassDecl] | Var(main.js:<7,7>--<7,15>) |
| Class(main.js:<23,1>--<35,1>) | [ClassDecl] | Var(main.js:<23,7>--<23,15>) |
| Class(main.js:<40,1>--<50,1>) | [ClassDecl] | Var(main.js:<40,7>--<40,12>) |
| Exp(main.js:<12,9>--<12,21>) | [Return] | Ret(main.js:<11,3>--<13,3>) |
| Exp(main.js:<28,37>--<28,37>) | [FunctionCall-2] | Arg(main.js:<28,12>--<28,38>,2) |
| Exp(main.js:<32,37>--<32,37>) | [FunctionCall-2] | Arg(main.js:<32,12>--<32,38>,2) |
| Exp(main.js:<46,19>--<46,63>) | [FunctionCall-2] | Arg(main.js:<46,7>--<46,64>,1) |
| Exp(main.js:<58,25>--<58,25>) | [FunctionCall-2] | Arg(main.js:<58,13>--<58,29>,1) |
| Exp(main.js:<58,28>--<58,28>) | [FunctionCall-2] | Arg(main.js:<58,13>--<58,29>,2) |
| Exp(main.js:<59,11>--<59,14>) | [FunctionCall-2] | Arg(main.js:<59,1>--<59,20>,1) |
| Exp(main.js:<62,13>--<62,14>) | [FunctionCall-2] | Arg(main.js:<62,3>--<62,30>,1) |
| Exp(main.js:<63,13>--<63,14>) | [FunctionCall-2] | Arg(main.js:<63,3>--<63,35>,1) |
| Exp(main.js:<65,6>--<65,14>) | [FunctionCall-2] | Arg(main.js:<65,1>--<65,15>,1) |
| Fun(main.js:<9,3>--<9,18>) | [CtorCall] | Callee(main.js:<54,10>--<54,24>) |
| Fun(main.js:<11,3>--<13,3>) | [MethodDecl] | Prop(multiply) |
| Fun(main.js:<15,3>--<17,3>) | [MethodCall-1] | Callee(main.js:<58,13>--<58,29>) |
| Fun(main.js:<15,3>--<17,3>) | [MethodDecl] | Prop(exponent) |
| Fun(main.js:<25,3>--<25,18>) | [CtorCall] | Callee(main.js:<55,10>--<55,24>) |
| Fun(main.js:<27,3>--<29,3>) | [MethodCall-1] | Callee(main.js:<62,17>--<62,29>) |
| Fun(main.js:<27,3>--<29,3>) | [MethodDecl] | Prop(add) |
| Fun(main.js:<28,23>--<28,34>) | [FunctionCall-2] | Arg(main.js:<28,12>--<28,38>,1) |
| Fun(main.js:<28,23>--<28,34>) | [FunctionExpr-2] | Exp(main.js:<28,23>--<28,34>) |
| Fun(main.js:<31,3>--<33,3>) | [MethodCall-1] | Callee(main.js:<63,17>--<63,34>) |
| Fun(main.js:<31,3>--<33,3>) | [MethodDecl] | Prop(multiply) |
| Fun(main.js:<32,23>--<32,34>) | [FunctionCall-2] | Arg(main.js:<32,12>--<32,38>,1) |
| Fun(main.js:<32,23>--<32,34>) | [FunctionExpr-2] | Exp(main.js:<32,23>--<32,34>) |
| Fun(main.js:<40,14>--<40,13>) | [CtorCall] | Callee(main.js:<56,10>--<56,21>) |
| Fun(main.js:<44,3>--<48,3>) | [MethodCall-1] | Callee(main.js:<59,1>--<59,20>) |
| Fun(main.js:<44,3>--<48,3>) | [MethodCall-1] | Callee(main.js:<62,3>--<62,30>) |
| Fun(main.js:<44,3>--<48,3>) | [MethodCall-1] | Callee(main.js:<63,3>--<63,35>) |
| Fun(main.js:<44,3>--<48,3>) | [MethodDecl] | Prop(assert) |
| Fun(main.js:<61,12>--<64,1>) | [Assign-3] | Var(main.js:<61,5>--<61,8>) |
| Fun(main.js:<61,12>--<64,1>) | [FunctionExpr-1] | Exp(main.js:<61,12>--<64,1>) |
| Param(main.js:<15,3>--<17,3>,1) | [FunctionCall-2] | Arg(main.js:<16,9>--<16,27>,1) |
| Param(main.js:<15,3>--<17,3>,2) | [FunctionCall-2] | Arg(main.js:<16,9>--<16,27>,2) |
| Param(main.js:<27,3>--<29,3>,1) | [FunctionCall-Receiver] | Receiver(main.js:<28,12>--<28,38>) |
| Param(main.js:<31,3>--<33,3>,1) | [FunctionCall-Receiver] | Receiver(main.js:<32,12>--<32,38>) |
| Param(main.js:<61,12>--<64,1>,1) | [FunctionCall-2] | Arg(main.js:<62,17>--<62,29>,1) |
| Param(main.js:<61,12>--<64,1>,1) | [FunctionCall-2] | Arg(main.js:<63,17>--<63,34>,1) |
| Prop(add) | [FunctionCall-1] | Callee(main.js:<62,17>--<62,29>) |
| Prop(assert) | [FunctionCall-1] | Callee(main.js:<59,1>--<59,20>) |
| Prop(assert) | [FunctionCall-1] | Callee(main.js:<62,3>--<62,30>) |
| Prop(assert) | [FunctionCall-1] | Callee(main.js:<63,3>--<63,35>) |
| Prop(exponent) | [FunctionCall-1] | Callee(main.js:<58,13>--<58,29>) |
| Prop(log) | [FunctionCall-1] | Callee(main.js:<46,7>--<46,64>) |
| Prop(multiply) | [FunctionCall-1] | Callee(main.js:<63,17>--<63,34>) |
| Prop(pow) | [FunctionCall-1] | Callee(main.js:<16,9>--<16,27>) |
| Prop(reduce) | [FunctionCall-1] | Callee(main.js:<28,12>--<28,38>) |
| Prop(reduce) | [FunctionCall-1] | Callee(main.js:<32,12>--<32,38>) |
| Receiver(main.js:<58,13>--<58,29>) | [ArgToParam-2] | This(main.js:<15,11>--<17,3>) |
| Receiver(main.js:<59,1>--<59,20>) | [ArgToParam-2] | This(main.js:<44,9>--<48,3>) |
| Receiver(main.js:<62,3>--<62,30>) | [ArgToParam-2] | This(main.js:<44,9>--<48,3>) |
| Receiver(main.js:<62,17>--<62,29>) | [ArgToParam-2] | This(main.js:<27,6>--<29,3>) |
| Receiver(main.js:<63,3>--<63,35>) | [ArgToParam-2] | This(main.js:<44,9>--<48,3>) |
| Receiver(main.js:<63,17>--<63,34>) | [ArgToParam-2] | This(main.js:<11,11>--<13,3>) |
| Receiver(main.js:<63,17>--<63,34>) | [ArgToParam-2] | This(main.js:<31,11>--<33,3>) |
| Res(main.js:<16,9>--<16,27>) | [FunctionCall-3] | Exp(main.js:<16,9>--<16,27>) |
| Res(main.js:<28,12>--<28,38>) | [FunctionCall-3] | Exp(main.js:<28,12>--<28,38>) |
| Res(main.js:<32,12>--<32,38>) | [FunctionCall-3] | Exp(main.js:<32,12>--<32,38>) |
| Res(main.js:<46,7>--<46,64>) | [FunctionCall-3] | Exp(main.js:<46,7>--<46,64>) |
| Res(main.js:<54,10>--<54,24>) | [FunctionCall-3] | Exp(main.js:<54,10>--<54,24>) |
| Res(main.js:<55,10>--<55,24>) | [FunctionCall-3] | Exp(main.js:<55,10>--<55,24>) |
| Res(main.js:<56,10>--<56,21>) | [FunctionCall-3] | Exp(main.js:<56,10>--<56,21>) |
| Res(main.js:<58,13>--<58,29>) | [FunctionCall-3] | Exp(main.js:<58,13>--<58,29>) |
| Res(main.js:<59,1>--<59,20>) | [FunctionCall-3] | Exp(main.js:<59,1>--<59,20>) |
| Res(main.js:<62,3>--<62,30>) | [FunctionCall-3] | Exp(main.js:<62,3>--<62,30>) |
| Res(main.js:<62,17>--<62,29>) | [FunctionCall-3] | Exp(main.js:<62,17>--<62,29>) |
| Res(main.js:<63,3>--<63,35>) | [FunctionCall-3] | Exp(main.js:<63,3>--<63,35>) |
| Res(main.js:<63,17>--<63,34>) | [FunctionCall-3] | Exp(main.js:<63,17>--<63,34>) |
| Res(main.js:<65,1>--<65,15>) | [FunctionCall-3] | Exp(main.js:<65,1>--<65,15>) |
| Ret(main.js:<11,3>--<13,3>) | [RetToRes] | Res(main.js:<63,17>--<63,34>) |
| Ret(main.js:<15,3>--<17,3>) | [RetToRes] | Res(main.js:<58,13>--<58,29>) |
| Ret(main.js:<27,3>--<29,3>) | [RetToRes] | Res(main.js:<62,17>--<62,29>) |
| Ret(main.js:<31,3>--<33,3>) | [RetToRes] | Res(main.js:<63,17>--<63,34>) |
| Ret(main.js:<44,3>--<48,3>) | [RetToRes] | Res(main.js:<59,1>--<59,20>) |
| Ret(main.js:<44,3>--<48,3>) | [RetToRes] | Res(main.js:<62,3>--<62,30>) |
| Ret(main.js:<44,3>--<48,3>) | [RetToRes] | Res(main.js:<63,3>--<63,35>) |
| Ret(main.js:<61,12>--<64,1>) | [RetToRes] | Res(main.js:<65,1>--<65,15>) |
| Var(main.js:<7,7>--<7,15>) | [FunctionCall-1] | Callee(main.js:<54,10>--<54,24>) |
| Var(main.js:<23,7>--<23,15>) | [FunctionCall-1] | Callee(main.js:<55,10>--<55,24>) |
| Var(main.js:<40,7>--<40,12>) | [FunctionCall-1] | Callee(main.js:<56,10>--<56,21>) |
| Var(main.js:<54,5>--<54,6>) | [FunctionCall-Receiver] | Receiver(main.js:<58,13>--<58,29>) |
| Var(main.js:<55,5>--<55,6>) | [FunctionCall-Receiver] | Receiver(main.js:<62,17>--<62,29>) |
| Var(main.js:<55,5>--<55,6>) | [FunctionCall-Receiver] | Receiver(main.js:<63,17>--<63,34>) |
| Var(main.js:<56,5>--<56,6>) | [FunctionCall-Receiver] | Receiver(main.js:<59,1>--<59,20>) |
| Var(main.js:<56,5>--<56,6>) | [FunctionCall-Receiver] | Receiver(main.js:<62,3>--<62,30>) |
| Var(main.js:<56,5>--<56,6>) | [FunctionCall-Receiver] | Receiver(main.js:<63,3>--<63,35>) |
| Var(main.js:<58,7>--<58,9>) | [FunctionCall-2] | Arg(main.js:<59,1>--<59,20>,2) |
| Var(main.js:<61,5>--<61,8>) | [FunctionCall-1] | Callee(main.js:<65,1>--<65,15>) |
