| Callee(main.js:<9,13>--<9,36>) | Fun(basicmath.js:<11,3>--<13,3>) |
| Callee(main.js:<10,1>--<10,24>) | Fun(Assert.js:<7,3>--<11,3>) |
| Callee(main.js:<13,3>--<13,41>) | Fun(Assert.js:<7,3>--<11,3>) |
| Callee(main.js:<13,21>--<13,40>) | Fun(arraymath.js:<7,3>--<9,3>) |
| Callee(main.js:<14,3>--<14,46>) | Fun(Assert.js:<7,3>--<11,3>) |
| Callee(main.js:<14,21>--<14,45>) | Fun(arraymath.js:<11,3>--<13,3>) |
| Callee(main.js:<14,21>--<14,45>) | Fun(basicmath.js:<7,3>--<9,3>) |
| Callee(main.js:<16,1>--<16,15>) | Fun(main.js:<12,12>--<15,1>) |
