| Arg(main.js:<9,13>--<9,36>,1) | [ArgToParam-1] | Param(basicmath.js:<11,3>--<13,3>,1) |
| Arg(main.js:<9,13>--<9,36>,2) | [ArgToParam-1] | Param(basicmath.js:<11,3>--<13,3>,2) |
| Arg(main.js:<10,1>--<10,24>,1) | [ArgToParam-1] | Param(Assert.js:<7,3>--<11,3>,1) |
| Arg(main.js:<10,1>--<10,24>,2) | [ArgToParam-1] | Param(Assert.js:<7,3>--<11,3>,2) |
| Arg(main.js:<13,3>--<13,41>,1) | [ArgToParam-1] | Param(Assert.js:<7,3>--<11,3>,1) |
| Arg(main.js:<13,3>--<13,41>,2) | [ArgToParam-1] | Param(Assert.js:<7,3>--<11,3>,2) |
| Arg(main.js:<13,21>--<13,40>,1) | [ArgToParam-1] | Param(arraymath.js:<7,3>--<9,3>,1) |
| Arg(main.js:<14,3>--<14,46>,1) | [ArgToParam-1] | Param(Assert.js:<7,3>--<11,3>,1) |
| Arg(main.js:<14,3>--<14,46>,2) | [ArgToParam-1] | Param(Assert.js:<7,3>--<11,3>,2) |
| Arg(main.js:<14,21>--<14,45>,1) | [ArgToParam-1] | Param(arraymath.js:<11,3>--<13,3>,1) |
| Arg(main.js:<14,21>--<14,45>,1) | [ArgToParam-1] | Param(basicmath.js:<7,3>--<9,3>,1) |
| Arg(main.js:<16,1>--<16,15>,1) | [ArgToParam-1] | Param(main.js:<12,12>--<15,1>,1) |
| Callee(arraymath.js:<8,12>--<8,38>) | [Return] | Ret(arraymath.js:<7,3>--<9,3>) |
| Callee(arraymath.js:<12,12>--<12,38>) | [Return] | Ret(arraymath.js:<11,3>--<13,3>) |
| Callee(basicmath.js:<12,9>--<12,27>) | [Return] | Ret(basicmath.js:<11,3>--<13,3>) |
| Callee(main.js:<9,13>--<9,36>) | [Assign-3] | Var(main.js:<9,7>--<9,9>) |
| Callee(main.js:<13,21>--<13,40>) | [FunctionCall-2] | Arg(main.js:<13,3>--<13,41>,2) |
| Callee(main.js:<14,21>--<14,45>) | [FunctionCall-2] | Arg(main.js:<14,3>--<14,46>,2) |
| Class(Assert.js:<5,16>--<13,1>) | [ClassDecl] | Var(Assert.js:<5,22>--<5,27>) |
| Class(arraymath.js:<5,16>--<15,1>) | [ClassDecl] | Var(arraymath.js:<5,22>--<5,30>) |
| Class(basicmath.js:<5,16>--<15,1>) | [ClassDecl] | Var(basicmath.js:<5,22>--<5,30>) |
| Exp(Assert.js:<9,19>--<9,63>) | [FunctionCall-2] | Arg(Assert.js:<9,7>--<9,64>,1) |
| Exp(arraymath.js:<8,37>--<8,37>) | [FunctionCall-2] | Arg(arraymath.js:<8,12>--<8,38>,2) |
| Exp(arraymath.js:<12,37>--<12,37>) | [FunctionCall-2] | Arg(arraymath.js:<12,12>--<12,38>,2) |
| Exp(basicmath.js:<8,9>--<8,21>) | [Return] | Ret(basicmath.js:<7,3>--<9,3>) |
| Exp(main.js:<9,32>--<9,32>) | [FunctionCall-2] | Arg(main.js:<9,13>--<9,36>,1) |
| Exp(main.js:<9,35>--<9,35>) | [FunctionCall-2] | Arg(main.js:<9,13>--<9,36>,2) |
| Exp(main.js:<10,15>--<10,18>) | [FunctionCall-2] | Arg(main.js:<10,1>--<10,24>,1) |
| Exp(main.js:<13,17>--<13,18>) | [FunctionCall-2] | Arg(main.js:<13,3>--<13,41>,1) |
| Exp(main.js:<14,17>--<14,18>) | [FunctionCall-2] | Arg(main.js:<14,3>--<14,46>,1) |
| Exp(main.js:<16,6>--<16,14>) | [FunctionCall-2] | Arg(main.js:<16,1>--<16,15>,1) |
| Fun(Assert.js:<7,3>--<11,3>) | [MethodCall-1] | Callee(main.js:<10,1>--<10,24>) |
| Fun(Assert.js:<7,3>--<11,3>) | [MethodCall-1] | Callee(main.js:<13,3>--<13,41>) |
| Fun(Assert.js:<7,3>--<11,3>) | [MethodCall-1] | Callee(main.js:<14,3>--<14,46>) |
| Fun(Assert.js:<7,3>--<11,3>) | [MethodDecl] | Prop(assert) |
| Fun(arraymath.js:<7,3>--<9,3>) | [MethodCall-1] | Callee(main.js:<13,21>--<13,40>) |
| Fun(arraymath.js:<7,3>--<9,3>) | [MethodDecl] | Prop(add) |
| Fun(arraymath.js:<8,23>--<8,34>) | [FunctionCall-2] | Arg(arraymath.js:<8,12>--<8,38>,1) |
| Fun(arraymath.js:<8,23>--<8,34>) | [FunctionExpr-2] | Exp(arraymath.js:<8,23>--<8,34>) |
| Fun(arraymath.js:<11,3>--<13,3>) | [MethodCall-1] | Callee(main.js:<14,21>--<14,45>) |
| Fun(arraymath.js:<11,3>--<13,3>) | [MethodDecl] | Prop(multiply) |
| Fun(arraymath.js:<12,23>--<12,34>) | [FunctionCall-2] | Arg(arraymath.js:<12,12>--<12,38>,1) |
| Fun(arraymath.js:<12,23>--<12,34>) | [FunctionExpr-2] | Exp(arraymath.js:<12,23>--<12,34>) |
| Fun(basicmath.js:<7,3>--<9,3>) | [MethodDecl] | Prop(multiply) |
| Fun(basicmath.js:<11,3>--<13,3>) | [MethodCall-1] | Callee(main.js:<9,13>--<9,36>) |
| Fun(basicmath.js:<11,3>--<13,3>) | [MethodDecl] | Prop(exponent) |
| Fun(main.js:<12,12>--<15,1>) | [Assign-3] | Var(main.js:<12,5>--<12,8>) |
| Fun(main.js:<12,12>--<15,1>) | [FunctionExpr-1] | Exp(main.js:<12,12>--<15,1>) |
| ImportMod(main.js:<5,1>--<5,38>,basicmath.js) | [ImportDefault] | Var(main.js:<5,8>--<5,16>) |
| ImportMod(main.js:<6,1>--<6,39>,arraymath.js) | [ImportDefault] | Var(main.js:<6,8>--<6,16>) |
| ImportMod(main.js:<7,1>--<7,38>,Assert.js) | [ImportDefault] | Var(main.js:<7,8>--<7,13>) |
| ModuleExport(Assert.js) | [Import] | ImportMod(main.js:<7,1>--<7,38>,Assert.js) |
| ModuleExport(arraymath.js) | [Import] | ImportMod(main.js:<6,1>--<6,39>,arraymath.js) |
| ModuleExport(basicmath.js) | [Import] | ImportMod(main.js:<5,1>--<5,38>,basicmath.js) |
| Param(arraymath.js:<7,3>--<9,3>,1) | [FunctionCall-Receiver] | Receiver(arraymath.js:<8,12>--<8,38>) |
| Param(arraymath.js:<11,3>--<13,3>,1) | [FunctionCall-Receiver] | Receiver(arraymath.js:<12,12>--<12,38>) |
| Param(basicmath.js:<11,3>--<13,3>,1) | [FunctionCall-2] | Arg(basicmath.js:<12,9>--<12,27>,1) |
| Param(basicmath.js:<11,3>--<13,3>,2) | [FunctionCall-2] | Arg(basicmath.js:<12,9>--<12,27>,2) |
| Param(main.js:<12,12>--<15,1>,1) | [FunctionCall-2] | Arg(main.js:<13,21>--<13,40>,1) |
| Param(main.js:<12,12>--<15,1>,1) | [FunctionCall-2] | Arg(main.js:<14,21>--<14,45>,1) |
| Prop(add) | [FunctionCall-1] | Callee(main.js:<13,21>--<13,40>) |
| Prop(assert) | [FunctionCall-1] | Callee(main.js:<10,1>--<10,24>) |
| Prop(assert) | [FunctionCall-1] | Callee(main.js:<13,3>--<13,41>) |
| Prop(assert) | [FunctionCall-1] | Callee(main.js:<14,3>--<14,46>) |
| Prop(exponent) | [FunctionCall-1] | Callee(main.js:<9,13>--<9,36>) |
| Prop(log) | [FunctionCall-1] | Callee(Assert.js:<9,7>--<9,64>) |
| Prop(multiply) | [FunctionCall-1] | Callee(main.js:<14,21>--<14,45>) |
| Prop(pow) | [FunctionCall-1] | Callee(basicmath.js:<12,9>--<12,27>) |
| Prop(reduce) | [FunctionCall-1] | Callee(arraymath.js:<8,12>--<8,38>) |
| Prop(reduce) | [FunctionCall-1] | Callee(arraymath.js:<12,12>--<12,38>) |
| Receiver(main.js:<9,13>--<9,36>) | [ArgToParam-2] | This(basicmath.js:<11,18>--<13,3>) |
| Receiver(main.js:<10,1>--<10,24>) | [ArgToParam-2] | This(Assert.js:<7,16>--<11,3>) |
| Receiver(main.js:<13,3>--<13,41>) | [ArgToParam-2] | This(Assert.js:<7,16>--<11,3>) |
| Receiver(main.js:<13,21>--<13,40>) | [ArgToParam-2] | This(arraymath.js:<7,13>--<9,3>) |
| Receiver(main.js:<14,3>--<14,46>) | [ArgToParam-2] | This(Assert.js:<7,16>--<11,3>) |
| Receiver(main.js:<14,21>--<14,45>) | [ArgToParam-2] | This(arraymath.js:<11,18>--<13,3>) |
| Receiver(main.js:<14,21>--<14,45>) | [ArgToParam-2] | This(basicmath.js:<7,18>--<9,3>) |
| Res(Assert.js:<9,7>--<9,64>) | [FunctionCall-3] | Exp(Assert.js:<9,7>--<9,64>) |
| Res(arraymath.js:<8,12>--<8,38>) | [FunctionCall-3] | Exp(arraymath.js:<8,12>--<8,38>) |
| Res(arraymath.js:<12,12>--<12,38>) | [FunctionCall-3] | Exp(arraymath.js:<12,12>--<12,38>) |
| Res(basicmath.js:<12,9>--<12,27>) | [FunctionCall-3] | Exp(basicmath.js:<12,9>--<12,27>) |
| Res(main.js:<9,13>--<9,36>) | [FunctionCall-3] | Exp(main.js:<9,13>--<9,36>) |
| Res(main.js:<10,1>--<10,24>) | [FunctionCall-3] | Exp(main.js:<10,1>--<10,24>) |
| Res(main.js:<13,3>--<13,41>) | [FunctionCall-3] | Exp(main.js:<13,3>--<13,41>) |
| Res(main.js:<13,21>--<13,40>) | [FunctionCall-3] | Exp(main.js:<13,21>--<13,40>) |
| Res(main.js:<14,3>--<14,46>) | [FunctionCall-3] | Exp(main.js:<14,3>--<14,46>) |
| Res(main.js:<14,21>--<14,45>) | [FunctionCall-3] | Exp(main.js:<14,21>--<14,45>) |
| Res(main.js:<16,1>--<16,15>) | [FunctionCall-3] | Exp(main.js:<16,1>--<16,15>) |
| Ret(Assert.js:<7,3>--<11,3>) | [RetToRes] | Res(main.js:<10,1>--<10,24>) |
| Ret(Assert.js:<7,3>--<11,3>) | [RetToRes] | Res(main.js:<13,3>--<13,41>) |
| Ret(Assert.js:<7,3>--<11,3>) | [RetToRes] | Res(main.js:<14,3>--<14,46>) |
| Ret(arraymath.js:<7,3>--<9,3>) | [RetToRes] | Res(main.js:<13,21>--<13,40>) |
| Ret(arraymath.js:<11,3>--<13,3>) | [RetToRes] | Res(main.js:<14,21>--<14,45>) |
| Ret(basicmath.js:<7,3>--<9,3>) | [RetToRes] | Res(main.js:<14,21>--<14,45>) |
| Ret(basicmath.js:<11,3>--<13,3>) | [RetToRes] | Res(main.js:<9,13>--<9,36>) |
| Ret(main.js:<12,12>--<15,1>) | [RetToRes] | Res(main.js:<16,1>--<16,15>) |
| Var(Assert.js:<5,22>--<5,27>) | [DefaultExport-Class] | ModuleExport(Assert.js) |
| Var(arraymath.js:<5,22>--<5,30>) | [DefaultExport-Class] | ModuleExport(arraymath.js) |
| Var(basicmath.js:<5,22>--<5,30>) | [DefaultExport-Class] | ModuleExport(basicmath.js) |
| Var(main.js:<5,8>--<5,16>) | [FunctionCall-Receiver] | Receiver(main.js:<9,13>--<9,36>) |
| Var(main.js:<6,8>--<6,16>) | [FunctionCall-Receiver] | Receiver(main.js:<13,21>--<13,40>) |
| Var(main.js:<6,8>--<6,16>) | [FunctionCall-Receiver] | Receiver(main.js:<14,21>--<14,45>) |
| Var(main.js:<7,8>--<7,13>) | [FunctionCall-Receiver] | Receiver(main.js:<10,1>--<10,24>) |
| Var(main.js:<7,8>--<7,13>) | [FunctionCall-Receiver] | Receiver(main.js:<13,3>--<13,41>) |
| Var(main.js:<7,8>--<7,13>) | [FunctionCall-Receiver] | Receiver(main.js:<14,3>--<14,46>) |
| Var(main.js:<9,7>--<9,9>) | [FunctionCall-2] | Arg(main.js:<10,1>--<10,24>,2) |
| Var(main.js:<12,5>--<12,8>) | [FunctionCall-1] | Callee(main.js:<16,1>--<16,15>) |
