| Callee(main.js:<9,13>--<9,36>) | Fun(basicmath.js:<13,27>--<15,1>) |
| Callee(main.js:<16,1>--<23,13>) | Fun(main.js:<16,2>--<23,1>) |
| Callee(main.js:<18,16>--<18,24>) | Fun(arraymath.js:<4,1>--<4,23>) |
| Callee(main.js:<19,16>--<19,30>) | Fun(arraymath.js:<10,28>--<12,1>) |
| Callee(main.js:<20,16>--<20,35>) | Fun(arraymath.js:<13,33>--<15,1>) |
| Callee(main.js:<20,16>--<20,35>) | Fun(basicmath.js:<9,27>--<11,1>) |
| Callee(main.js:<22,3>--<22,20>) | Fun(main.js:<17,14>--<21,3>) |
