| Exp(acorn.js:<2,15>--<2,20>) | [FunctionCall-2] | Arg(acorn.js:<2,3>--<2,21>,1) |
| Exp(m.js:<1,1>--<5,2>) | [FunctionCall-1] | Callee(m.js:<1,1>--<5,4>) |
| Fun(acorn.js:<1,1>--<3,1>) | [FunctionDecl] | Var(acorn.js:<1,10>--<1,12>) |
| Fun(m.js:<1,2>--<5,1>) | [FunctionExpr-1] | Exp(m.js:<1,2>--<5,1>) |
| Fun(m.js:<1,2>--<5,1>) | [ParenthesizedExpr] | Exp(m.js:<1,1>--<5,2>) |
| ImportMod(m.js:<3,15>--<3,36>,acorn.js) | [Assign-3] | Var(m.js:<3,7>--<3,11>) |
| Prop(log) | [FunctionCall-1] | Callee(acorn.js:<2,3>--<2,21>) |
| Res(acorn.js:<2,3>--<2,21>) | [FunctionCall-3] | Exp(acorn.js:<2,3>--<2,21>) |
| Res(acorn.js:<5,1>--<5,5>) | [FunctionCall-3] | Exp(acorn.js:<5,1>--<5,5>) |
| Res(m.js:<1,1>--<5,4>) | [FunctionCall-3] | Exp(m.js:<1,1>--<5,4>) |
| Res(m.js:<3,15>--<3,36>) | [FunctionCall-3] | Exp(m.js:<3,15>--<3,36>) |
| Res(main.js:<1,1>--<1,25>) | [FunctionCall-3] | Exp(main.js:<1,1>--<1,25>) |
| Ret(acorn.js:<1,1>--<3,1>) | [RetToRes] | Res(acorn.js:<5,1>--<5,5>) |
| Ret(m.js:<1,2>--<5,1>) | [RetToRes] | Res(m.js:<1,1>--<5,4>) |
| Var(acorn.js:<1,10>--<1,12>) | [FunctionCall-1] | Callee(acorn.js:<5,1>--<5,5>) |
