| Arg(main.js:<8,1>--<8,36>,1) | [CallArgToParam-2] | This(main.js:<1,1>--<5,1>) |
| Arg(main.js:<8,1>--<8,36>,2) | [CallArgToParam-1] | Param(main.js:<1,1>--<5,1>,1) |
| Arg(main.js:<8,1>--<8,36>,3) | [CallArgToParam-1] | Param(main.js:<1,1>--<5,1>,2) |
| Arg(main.js:<8,1>--<8,36>,4) | [CallArgToParam-1] | Param(main.js:<1,1>--<5,1>,3) |
| Arg(main.js:<13,1>--<13,36>,1) | [CallArgToParam-2] | This(main.js:<1,1>--<5,1>) |
| Arg(main.js:<13,1>--<13,36>,2) | [CallArgToParam-1] | Param(main.js:<1,1>--<5,1>,1) |
| Arg(main.js:<13,1>--<13,36>,3) | [CallArgToParam-1] | Param(main.js:<1,1>--<5,1>,2) |
| Arg(main.js:<13,1>--<13,36>,4) | [CallArgToParam-1] | Param(main.js:<1,1>--<5,1>,3) |
| Arg(main.js:<17,14>--<17,70>,1) | [ArgToParam-1] | Param(main.js:<7,1>--<10,1>,1) |
| Arg(main.js:<17,14>--<17,70>,2) | [ArgToParam-1] | Param(main.js:<7,1>--<10,1>,2) |
| Arg(main.js:<17,14>--<17,70>,3) | [ArgToParam-1] | Param(main.js:<7,1>--<10,1>,3) |
| Arg(main.js:<18,13>--<18,69>,1) | [ArgToParam-1] | Param(main.js:<12,1>--<15,1>,1) |
| Arg(main.js:<18,13>--<18,69>,2) | [ArgToParam-1] | Param(main.js:<12,1>--<15,1>,2) |
| Arg(main.js:<18,13>--<18,69>,3) | [ArgToParam-1] | Param(main.js:<12,1>--<15,1>,3) |
| Callee(main.js:<17,14>--<17,70>) | [Assign-3] | Var(main.js:<17,5>--<17,10>) |
| Callee(main.js:<18,13>--<18,69>) | [Assign-3] | Var(main.js:<18,5>--<18,9>) |
| Exp(main.js:<9,17>--<9,22>) | [Assign-1] | Prop(category) |
| Exp(main.js:<9,17>--<9,22>) | [Assign-2] | Exp(main.js:<9,1>--<9,22>) |
| Exp(main.js:<14,17>--<14,21>) | [Assign-1] | Prop(category) |
| Exp(main.js:<14,17>--<14,21>) | [Assign-2] | Exp(main.js:<14,1>--<14,21>) |
| Exp(main.js:<17,23>--<17,28>) | [FunctionCall-2] | Arg(main.js:<17,14>--<17,70>,1) |
| Exp(main.js:<17,31>--<17,31>) | [FunctionCall-2] | Arg(main.js:<17,14>--<17,70>,2) |
| Exp(main.js:<17,58>--<17,65>) | [FunctionCall-2] | Arg(main.js:<17,46>--<17,66>,1) |
| Exp(main.js:<18,21>--<18,27>) | [FunctionCall-2] | Arg(main.js:<18,13>--<18,69>,1) |
| Exp(main.js:<18,30>--<18,31>) | [FunctionCall-2] | Arg(main.js:<18,13>--<18,69>,2) |
| Exp(main.js:<18,58>--<18,64>) | [FunctionCall-2] | Arg(main.js:<18,46>--<18,65>,1) |
| Fun(main.js:<1,1>--<5,1>) | [Call] | Callee(main.js:<8,1>--<8,36>) |
| Fun(main.js:<1,1>--<5,1>) | [Call] | Callee(main.js:<13,1>--<13,36>) |
| Fun(main.js:<1,1>--<5,1>) | [FunctionDecl] | Var(main.js:<1,10>--<1,16>) |
| Fun(main.js:<7,1>--<10,1>) | [FunctionDecl] | Var(main.js:<7,10>--<7,13>) |
| Fun(main.js:<12,1>--<15,1>) | [FunctionDecl] | Var(main.js:<12,10>--<12,12>) |
| Fun(main.js:<17,34>--<17,69>) | [FunctionCall-2] | Arg(main.js:<17,14>--<17,70>,3) |
| Fun(main.js:<17,34>--<17,69>) | [FunctionExpr-1] | Exp(main.js:<17,34>--<17,69>) |
| Fun(main.js:<18,34>--<18,68>) | [FunctionCall-2] | Arg(main.js:<18,13>--<18,69>,3) |
| Fun(main.js:<18,34>--<18,68>) | [FunctionExpr-1] | Exp(main.js:<18,34>--<18,68>) |
| Param(main.js:<1,1>--<5,1>,1) | [Assign-1] | Prop(name) |
| Param(main.js:<1,1>--<5,1>,1) | [Assign-2] | Exp(main.js:<2,1>--<2,16>) |
| Param(main.js:<1,1>--<5,1>,2) | [Assign-1] | Prop(price) |
| Param(main.js:<1,1>--<5,1>,2) | [Assign-2] | Exp(main.js:<3,1>--<3,18>) |
| Param(main.js:<1,1>--<5,1>,3) | [Assign-1] | Prop(fun) |
| Param(main.js:<1,1>--<5,1>,3) | [Assign-2] | Exp(main.js:<4,1>--<4,14>) |
| Param(main.js:<7,1>--<10,1>,1) | [FunctionCall-2] | Arg(main.js:<8,1>--<8,36>,2) |
| Param(main.js:<7,1>--<10,1>,2) | [FunctionCall-2] | Arg(main.js:<8,1>--<8,36>,3) |
| Param(main.js:<7,1>--<10,1>,3) | [FunctionCall-2] | Arg(main.js:<8,1>--<8,36>,4) |
| Param(main.js:<12,1>--<15,1>,1) | [FunctionCall-2] | Arg(main.js:<13,1>--<13,36>,2) |
| Param(main.js:<12,1>--<15,1>,2) | [FunctionCall-2] | Arg(main.js:<13,1>--<13,36>,3) |
| Param(main.js:<12,1>--<15,1>,3) | [FunctionCall-2] | Arg(main.js:<13,1>--<13,36>,4) |
| Prop(call) | [FunctionCall-1] | Callee(main.js:<8,1>--<8,36>) |
| Prop(call) | [FunctionCall-1] | Callee(main.js:<13,1>--<13,36>) |
| Prop(fun) | [FunctionCall-1] | Callee(main.js:<19,1>--<19,12>) |
| Prop(fun) | [FunctionCall-1] | Callee(main.js:<20,1>--<20,11>) |
| Prop(log) | [FunctionCall-1] | Callee(main.js:<17,46>--<17,66>) |
| Prop(log) | [FunctionCall-1] | Callee(main.js:<18,46>--<18,65>) |
| Receiver(main.js:<19,1>--<19,12>) | [ArgToParam-2] | This(main.js:<17,34>--<17,69>) |
| Receiver(main.js:<19,1>--<19,12>) | [ArgToParam-2] | This(main.js:<18,34>--<18,68>) |
| Receiver(main.js:<20,1>--<20,11>) | [ArgToParam-2] | This(main.js:<17,34>--<17,69>) |
| Receiver(main.js:<20,1>--<20,11>) | [ArgToParam-2] | This(main.js:<18,34>--<18,68>) |
| Res(main.js:<8,1>--<8,36>) | [FunctionCall-3] | Exp(main.js:<8,1>--<8,36>) |
| Res(main.js:<13,1>--<13,36>) | [FunctionCall-3] | Exp(main.js:<13,1>--<13,36>) |
| Res(main.js:<17,14>--<17,70>) | [FunctionCall-3] | Exp(main.js:<17,14>--<17,70>) |
| Res(main.js:<17,46>--<17,66>) | [FunctionCall-3] | Exp(main.js:<17,46>--<17,66>) |
| Res(main.js:<18,13>--<18,69>) | [FunctionCall-3] | Exp(main.js:<18,13>--<18,69>) |
| Res(main.js:<18,46>--<18,65>) | [FunctionCall-3] | Exp(main.js:<18,46>--<18,65>) |
| Res(main.js:<19,1>--<19,12>) | [FunctionCall-3] | Exp(main.js:<19,1>--<19,12>) |
| Res(main.js:<20,1>--<20,11>) | [FunctionCall-3] | Exp(main.js:<20,1>--<20,11>) |
| Ret(main.js:<1,1>--<5,1>) | [RetToRes] | Res(main.js:<8,1>--<8,36>) |
| Ret(main.js:<1,1>--<5,1>) | [RetToRes] | Res(main.js:<13,1>--<13,36>) |
| Ret(main.js:<7,1>--<10,1>) | [RetToRes] | Res(main.js:<17,14>--<17,70>) |
| Ret(main.js:<12,1>--<15,1>) | [RetToRes] | Res(main.js:<18,13>--<18,69>) |
| Ret(main.js:<17,34>--<17,69>) | [RetToRes] | Res(main.js:<19,1>--<19,12>) |
| Ret(main.js:<17,34>--<17,69>) | [RetToRes] | Res(main.js:<20,1>--<20,11>) |
| Ret(main.js:<18,34>--<18,68>) | [RetToRes] | Res(main.js:<19,1>--<19,12>) |
| Ret(main.js:<18,34>--<18,68>) | [RetToRes] | Res(main.js:<20,1>--<20,11>) |
| This(main.js:<7,1>--<10,1>) | [FunctionCall-2] | Arg(main.js:<8,1>--<8,36>,1) |
| This(main.js:<12,1>--<15,1>) | [FunctionCall-2] | Arg(main.js:<13,1>--<13,36>,1) |
| Var(main.js:<1,10>--<1,16>) | [FunctionCall-Receiver] | Receiver(main.js:<8,1>--<8,36>) |
| Var(main.js:<1,10>--<1,16>) | [FunctionCall-Receiver] | Receiver(main.js:<13,1>--<13,36>) |
| Var(main.js:<7,10>--<7,13>) | [FunctionCall-1] | Callee(main.js:<17,14>--<17,70>) |
| Var(main.js:<12,10>--<12,12>) | [FunctionCall-1] | Callee(main.js:<18,13>--<18,69>) |
| Var(main.js:<17,5>--<17,10>) | [FunctionCall-Receiver] | Receiver(main.js:<19,1>--<19,12>) |
| Var(main.js:<18,5>--<18,9>) | [FunctionCall-Receiver] | Receiver(main.js:<20,1>--<20,11>) |
