| Callee(main.js:<9,13>--<9,25>) | [FunctionCall-2] | Arg(main.js:<9,1>--<9,26>,1) |
| Callee(main.js:<13,13>--<13,23>) | [FunctionCall-2] | Arg(main.js:<13,1>--<13,24>,1) |
| Exp(main.js:<1,11>--<6,1>) | [Assign-3] | Var(main.js:<1,7>--<1,7>) |
| Exp(main.js:<2,6>--<2,7>) | [ObjLiteral] | Prop(x) |
| Exp(main.js:<12,19>--<12,37>) | [Assign-3] | Var(main.js:<12,7>--<12,15>) |
| Fun(main.js:<3,9>--<5,3>) | [Bind] | Exp(main.js:<12,19>--<12,37>) |
| Fun(main.js:<3,9>--<5,3>) | [FunctionExpr-1] | Exp(main.js:<3,9>--<5,3>) |
| Fun(main.js:<3,9>--<5,3>) | [ObjLiteral] | Prop(getX) |
| Prop(bind) | [FunctionCall-1] | Callee(main.js:<12,19>--<12,37>) |
| Prop(getX) | [Assign-3] | Var(main.js:<8,7>--<8,17>) |
| Prop(log) | [FunctionCall-1] | Callee(main.js:<9,1>--<9,26>) |
| Prop(log) | [FunctionCall-1] | Callee(main.js:<13,1>--<13,24>) |
| Prop(x) | [Return] | Ret(main.js:<3,9>--<5,3>) |
| Res(main.js:<9,1>--<9,26>) | [FunctionCall-3] | Exp(main.js:<9,1>--<9,26>) |
| Res(main.js:<9,13>--<9,25>) | [FunctionCall-3] | Exp(main.js:<9,13>--<9,25>) |
| Res(main.js:<12,19>--<12,37>) | [FunctionCall-3] | Exp(main.js:<12,19>--<12,37>) |
| Res(main.js:<13,1>--<13,24>) | [FunctionCall-3] | Exp(main.js:<13,1>--<13,24>) |
| Res(main.js:<13,13>--<13,23>) | [FunctionCall-3] | Exp(main.js:<13,13>--<13,23>) |
| Ret(main.js:<3,9>--<5,3>) | [RetToRes] | Res(main.js:<9,13>--<9,25>) |
| Ret(main.js:<3,9>--<5,3>) | [RetToRes] | Res(main.js:<13,13>--<13,23>) |
| Var(main.js:<1,7>--<1,7>) | [FunctionCall-2] | Arg(main.js:<12,19>--<12,37>,1) |
| Var(main.js:<8,7>--<8,17>) | [FunctionCall-1] | Callee(main.js:<9,13>--<9,25>) |
| Var(main.js:<8,7>--<8,17>) | [FunctionCall-Receiver] | Receiver(main.js:<12,19>--<12,37>) |
| Var(main.js:<12,7>--<12,15>) | [FunctionCall-1] | Callee(main.js:<13,13>--<13,23>) |
