| Arg(main.js:<13,13>--<13,29>,1) | [ArgToParam-1] | Param(b.js:<13,3>--<15,3>,1) |
| Arg(main.js:<13,13>--<13,29>,2) | [ArgToParam-1] | Param(b.js:<13,3>--<15,3>,2) |
| Arg(main.js:<14,1>--<14,20>,1) | [ArgToParam-1] | Param(Assert.js:<9,3>--<13,3>,1) |
| Arg(main.js:<14,1>--<14,20>,2) | [ArgToParam-1] | Param(Assert.js:<9,3>--<13,3>,2) |
| Arg(main.js:<17,3>--<17,30>,1) | [ArgToParam-1] | Param(Assert.js:<9,3>--<13,3>,1) |
| Arg(main.js:<17,3>--<17,30>,2) | [ArgToParam-1] | Param(Assert.js:<9,3>--<13,3>,2) |
| Arg(main.js:<17,17>--<17,29>,1) | [ArgToParam-1] | Param(a.js:<9,3>--<11,3>,1) |
| Arg(main.js:<18,3>--<18,35>,1) | [ArgToParam-1] | Param(Assert.js:<9,3>--<13,3>,1) |
| Arg(main.js:<18,3>--<18,35>,2) | [ArgToParam-1] | Param(Assert.js:<9,3>--<13,3>,2) |
| Arg(main.js:<18,17>--<18,34>,1) | [ArgToParam-1] | Param(a.js:<13,3>--<15,3>,1) |
| Arg(main.js:<18,17>--<18,34>,1) | [ArgToParam-1] | Param(b.js:<9,3>--<11,3>,1) |
| Arg(main.js:<20,1>--<20,15>,1) | [ArgToParam-1] | Param(main.js:<16,12>--<19,1>,1) |
| Callee(a.js:<10,12>--<10,38>) | [Return] | Ret(a.js:<9,3>--<11,3>) |
| Callee(a.js:<14,12>--<14,38>) | [Return] | Ret(a.js:<13,3>--<15,3>) |
| Callee(b.js:<14,9>--<14,27>) | [Return] | Ret(b.js:<13,3>--<15,3>) |
| Callee(main.js:<9,10>--<9,24>) | [Assign-3] | Var(main.js:<9,5>--<9,6>) |
| Callee(main.js:<10,10>--<10,24>) | [Assign-3] | Var(main.js:<10,5>--<10,6>) |
| Callee(main.js:<11,10>--<11,21>) | [Assign-3] | Var(main.js:<11,5>--<11,6>) |
| Callee(main.js:<13,13>--<13,29>) | [Assign-3] | Var(main.js:<13,7>--<13,9>) |
| Callee(main.js:<17,17>--<17,29>) | [FunctionCall-2] | Arg(main.js:<17,3>--<17,30>,2) |
| Callee(main.js:<18,17>--<18,34>) | [FunctionCall-2] | Arg(main.js:<18,3>--<18,35>,2) |
| Class(Assert.js:<5,8>--<15,1>) | [ClassDecl] | Var(Assert.js:<5,14>--<5,19>) |
| Class(a.js:<5,8>--<17,1>) | [ClassDecl] | Var(a.js:<5,14>--<5,22>) |
| Class(b.js:<5,16>--<17,1>) | [ClassDecl] | Var(b.js:<5,22>--<5,30>) |
| Exp(Assert.js:<11,19>--<11,63>) | [FunctionCall-2] | Arg(Assert.js:<11,7>--<11,64>,1) |
| Exp(a.js:<10,37>--<10,37>) | [FunctionCall-2] | Arg(a.js:<10,12>--<10,38>,2) |
| Exp(a.js:<14,37>--<14,37>) | [FunctionCall-2] | Arg(a.js:<14,12>--<14,38>,2) |
| Exp(b.js:<10,9>--<10,21>) | [Return] | Ret(b.js:<9,3>--<11,3>) |
| Exp(main.js:<13,25>--<13,25>) | [FunctionCall-2] | Arg(main.js:<13,13>--<13,29>,1) |
| Exp(main.js:<13,28>--<13,28>) | [FunctionCall-2] | Arg(main.js:<13,13>--<13,29>,2) |
| Exp(main.js:<14,11>--<14,14>) | [FunctionCall-2] | Arg(main.js:<14,1>--<14,20>,1) |
| Exp(main.js:<17,13>--<17,14>) | [FunctionCall-2] | Arg(main.js:<17,3>--<17,30>,1) |
| Exp(main.js:<18,13>--<18,14>) | [FunctionCall-2] | Arg(main.js:<18,3>--<18,35>,1) |
| Exp(main.js:<20,6>--<20,14>) | [FunctionCall-2] | Arg(main.js:<20,1>--<20,15>,1) |
| ExportName(Assert.js,Assert) | [ImportNames] | ImportName(main.js:<7,1>--<7,42>,Assert) |
| ExportName(a.js,ArrayMath) | [SelectiveReExport] | ExportName(arraymath.js,ArrayMath) |
| ExportName(arraymath.js,ArrayMath) | [ImportNames] | ImportName(main.js:<6,1>--<6,43>,ArrayMath) |
| Fun(Assert.js:<5,21>--<5,20>) | [CtorCall] | Callee(main.js:<11,10>--<11,21>) |
| Fun(Assert.js:<9,3>--<13,3>) | [MethodCall-1] | Callee(main.js:<14,1>--<14,20>) |
| Fun(Assert.js:<9,3>--<13,3>) | [MethodCall-1] | Callee(main.js:<17,3>--<17,30>) |
| Fun(Assert.js:<9,3>--<13,3>) | [MethodCall-1] | Callee(main.js:<18,3>--<18,35>) |
| Fun(Assert.js:<9,3>--<13,3>) | [MethodDecl] | Prop(assert) |
| Fun(a.js:<7,3>--<7,18>) | [CtorCall] | Callee(main.js:<10,10>--<10,24>) |
| Fun(a.js:<9,3>--<11,3>) | [MethodCall-1] | Callee(main.js:<17,17>--<17,29>) |
| Fun(a.js:<9,3>--<11,3>) | [MethodDecl] | Prop(add) |
| Fun(a.js:<10,23>--<10,34>) | [FunctionCall-2] | Arg(a.js:<10,12>--<10,38>,1) |
| Fun(a.js:<10,23>--<10,34>) | [FunctionExpr-2] | Exp(a.js:<10,23>--<10,34>) |
| Fun(a.js:<13,3>--<15,3>) | [MethodCall-1] | Callee(main.js:<18,17>--<18,34>) |
| Fun(a.js:<13,3>--<15,3>) | [MethodDecl] | Prop(multiply) |
| Fun(a.js:<14,23>--<14,34>) | [FunctionCall-2] | Arg(a.js:<14,12>--<14,38>,1) |
| Fun(a.js:<14,23>--<14,34>) | [FunctionExpr-2] | Exp(a.js:<14,23>--<14,34>) |
| Fun(b.js:<7,3>--<7,18>) | [CtorCall] | Callee(main.js:<9,10>--<9,24>) |
| Fun(b.js:<9,3>--<11,3>) | [MethodDecl] | Prop(multiply) |
| Fun(b.js:<13,3>--<15,3>) | [MethodCall-1] | Callee(main.js:<13,13>--<13,29>) |
| Fun(b.js:<13,3>--<15,3>) | [MethodDecl] | Prop(exponent) |
| Fun(main.js:<16,12>--<19,1>) | [Assign-3] | Var(main.js:<16,5>--<16,8>) |
| Fun(main.js:<16,12>--<19,1>) | [FunctionExpr-1] | Exp(main.js:<16,12>--<19,1>) |
| ImportMod(main.js:<5,1>--<5,38>,basicmath.js) | [ImportDefault] | Var(main.js:<5,8>--<5,16>) |
| ImportName(main.js:<6,1>--<6,43>,ArrayMath) | [NamedImport] | Var(main.js:<6,10>--<6,18>) |
| ImportName(main.js:<7,1>--<7,42>,Assert) | [NamedImport] | Var(main.js:<7,10>--<7,15>) |
| ModuleExport(Assert.js) | [Import] | ImportMod(main.js:<7,1>--<7,42>,Assert.js) |
| ModuleExport(a.js) | [ReExport-Mod] | ModuleExport(arraymath.js) |
| ModuleExport(arraymath.js) | [Import] | ImportMod(main.js:<6,1>--<6,43>,arraymath.js) |
| ModuleExport(b.js) | [ReExport-Mod] | ModuleExport(basicmath.js) |
| ModuleExport(b.js) | [ReExportDefault] | ExportName(basicmath.js,default) |
| ModuleExport(basicmath.js) | [Import] | ImportMod(main.js:<5,1>--<5,38>,basicmath.js) |
| Param(a.js:<9,3>--<11,3>,1) | [FunctionCall-Receiver] | Receiver(a.js:<10,12>--<10,38>) |
| Param(a.js:<13,3>--<15,3>,1) | [FunctionCall-Receiver] | Receiver(a.js:<14,12>--<14,38>) |
| Param(b.js:<13,3>--<15,3>,1) | [FunctionCall-2] | Arg(b.js:<14,9>--<14,27>,1) |
| Param(b.js:<13,3>--<15,3>,2) | [FunctionCall-2] | Arg(b.js:<14,9>--<14,27>,2) |
| Param(main.js:<16,12>--<19,1>,1) | [FunctionCall-2] | Arg(main.js:<17,17>--<17,29>,1) |
| Param(main.js:<16,12>--<19,1>,1) | [FunctionCall-2] | Arg(main.js:<18,17>--<18,34>,1) |
| Prop(add) | [FunctionCall-1] | Callee(main.js:<17,17>--<17,29>) |
| Prop(assert) | [FunctionCall-1] | Callee(main.js:<14,1>--<14,20>) |
| Prop(assert) | [FunctionCall-1] | Callee(main.js:<17,3>--<17,30>) |
| Prop(assert) | [FunctionCall-1] | Callee(main.js:<18,3>--<18,35>) |
| Prop(exponent) | [FunctionCall-1] | Callee(main.js:<13,13>--<13,29>) |
| Prop(log) | [FunctionCall-1] | Callee(Assert.js:<11,7>--<11,64>) |
| Prop(multiply) | [FunctionCall-1] | Callee(main.js:<18,17>--<18,34>) |
| Prop(pow) | [FunctionCall-1] | Callee(b.js:<14,9>--<14,27>) |
| Prop(reduce) | [FunctionCall-1] | Callee(a.js:<10,12>--<10,38>) |
| Prop(reduce) | [FunctionCall-1] | Callee(a.js:<14,12>--<14,38>) |
| Receiver(main.js:<13,13>--<13,29>) | [ArgToParam-2] | This(b.js:<13,11>--<15,3>) |
| Receiver(main.js:<14,1>--<14,20>) | [ArgToParam-2] | This(Assert.js:<9,9>--<13,3>) |
| Receiver(main.js:<17,3>--<17,30>) | [ArgToParam-2] | This(Assert.js:<9,9>--<13,3>) |
| Receiver(main.js:<17,17>--<17,29>) | [ArgToParam-2] | This(a.js:<9,6>--<11,3>) |
| Receiver(main.js:<18,3>--<18,35>) | [ArgToParam-2] | This(Assert.js:<9,9>--<13,3>) |
| Receiver(main.js:<18,17>--<18,34>) | [ArgToParam-2] | This(a.js:<13,11>--<15,3>) |
| Receiver(main.js:<18,17>--<18,34>) | [ArgToParam-2] | This(b.js:<9,11>--<11,3>) |
| Res(Assert.js:<11,7>--<11,64>) | [FunctionCall-3] | Exp(Assert.js:<11,7>--<11,64>) |
| Res(a.js:<10,12>--<10,38>) | [FunctionCall-3] | Exp(a.js:<10,12>--<10,38>) |
| Res(a.js:<14,12>--<14,38>) | [FunctionCall-3] | Exp(a.js:<14,12>--<14,38>) |
| Res(b.js:<14,9>--<14,27>) | [FunctionCall-3] | Exp(b.js:<14,9>--<14,27>) |
| Res(main.js:<9,10>--<9,24>) | [FunctionCall-3] | Exp(main.js:<9,10>--<9,24>) |
| Res(main.js:<10,10>--<10,24>) | [FunctionCall-3] | Exp(main.js:<10,10>--<10,24>) |
| Res(main.js:<11,10>--<11,21>) | [FunctionCall-3] | Exp(main.js:<11,10>--<11,21>) |
| Res(main.js:<13,13>--<13,29>) | [FunctionCall-3] | Exp(main.js:<13,13>--<13,29>) |
| Res(main.js:<14,1>--<14,20>) | [FunctionCall-3] | Exp(main.js:<14,1>--<14,20>) |
| Res(main.js:<17,3>--<17,30>) | [FunctionCall-3] | Exp(main.js:<17,3>--<17,30>) |
| Res(main.js:<17,17>--<17,29>) | [FunctionCall-3] | Exp(main.js:<17,17>--<17,29>) |
| Res(main.js:<18,3>--<18,35>) | [FunctionCall-3] | Exp(main.js:<18,3>--<18,35>) |
| Res(main.js:<18,17>--<18,34>) | [FunctionCall-3] | Exp(main.js:<18,17>--<18,34>) |
| Res(main.js:<20,1>--<20,15>) | [FunctionCall-3] | Exp(main.js:<20,1>--<20,15>) |
| Ret(Assert.js:<9,3>--<13,3>) | [RetToRes] | Res(main.js:<14,1>--<14,20>) |
| Ret(Assert.js:<9,3>--<13,3>) | [RetToRes] | Res(main.js:<17,3>--<17,30>) |
| Ret(Assert.js:<9,3>--<13,3>) | [RetToRes] | Res(main.js:<18,3>--<18,35>) |
| Ret(a.js:<9,3>--<11,3>) | [RetToRes] | Res(main.js:<17,17>--<17,29>) |
| Ret(a.js:<13,3>--<15,3>) | [RetToRes] | Res(main.js:<18,17>--<18,34>) |
| Ret(b.js:<9,3>--<11,3>) | [RetToRes] | Res(main.js:<18,17>--<18,34>) |
| Ret(b.js:<13,3>--<15,3>) | [RetToRes] | Res(main.js:<13,13>--<13,29>) |
| Ret(main.js:<16,12>--<19,1>) | [RetToRes] | Res(main.js:<20,1>--<20,15>) |
| Var(Assert.js:<5,14>--<5,19>) | [NamedExport] | ExportName(Assert.js,Assert) |
| Var(a.js:<5,14>--<5,22>) | [NamedExport] | ExportName(a.js,ArrayMath) |
| Var(a.js:<5,14>--<5,22>) | [NamedExport] | ExportName(arraymath.js,ArrayMath) |
| Var(b.js:<5,22>--<5,30>) | [DefaultExport-Class] | ModuleExport(b.js) |
| Var(b.js:<5,22>--<5,30>) | [NamedExport] | ExportName(basicmath.js,default) |
| Var(main.js:<5,8>--<5,16>) | [FunctionCall-1] | Callee(main.js:<9,10>--<9,24>) |
| Var(main.js:<6,10>--<6,18>) | [FunctionCall-1] | Callee(main.js:<10,10>--<10,24>) |
| Var(main.js:<7,10>--<7,15>) | [FunctionCall-1] | Callee(main.js:<11,10>--<11,21>) |
| Var(main.js:<9,5>--<9,6>) | [FunctionCall-Receiver] | Receiver(main.js:<13,13>--<13,29>) |
| Var(main.js:<10,5>--<10,6>) | [FunctionCall-Receiver] | Receiver(main.js:<17,17>--<17,29>) |
| Var(main.js:<10,5>--<10,6>) | [FunctionCall-Receiver] | Receiver(main.js:<18,17>--<18,34>) |
| Var(main.js:<11,5>--<11,6>) | [FunctionCall-Receiver] | Receiver(main.js:<14,1>--<14,20>) |
| Var(main.js:<11,5>--<11,6>) | [FunctionCall-Receiver] | Receiver(main.js:<17,3>--<17,30>) |
| Var(main.js:<11,5>--<11,6>) | [FunctionCall-Receiver] | Receiver(main.js:<18,3>--<18,35>) |
| Var(main.js:<13,7>--<13,9>) | [FunctionCall-2] | Arg(main.js:<14,1>--<14,20>,2) |
| Var(main.js:<16,5>--<16,8>) | [FunctionCall-1] | Callee(main.js:<20,1>--<20,15>) |
