| Arg(main.js:<11,1>--<11,8>,1) | [ArgToParam-1] | Param(main.js:<7,1>--<9,1>,1) |
| Exp(main.js:<2,13>--<2,66>) | [Assign-3] | Var(main.js:<2,7>--<2,9>) |
| Exp(main.js:<2,43>--<2,49>) | [FunctionCall-2] | Arg(main.js:<2,31>--<2,50>,1) |
| Exp(main.js:<2,59>--<2,59>) | [ObjLiteral] | Prop(b) |
| Exp(main.js:<11,6>--<11,7>) | [FunctionCall-2] | Arg(main.js:<11,1>--<11,8>,1) |
| Fun(main.js:<2,18>--<2,53>) | [FunctionExpr-1] | Exp(main.js:<2,18>--<2,53>) |
| Fun(main.js:<2,18>--<2,53>) | [ObjLiteral] | Prop(a) |
| Fun(main.js:<5,1>--<5,35>) | [FunctionDecl] | Var(main.js:<5,10>--<5,24>) |
| Fun(main.js:<7,1>--<9,1>) | [FunctionDecl] | Var(main.js:<7,10>--<7,13>) |
| Param(main.js:<7,1>--<9,1>,1) | [FunctionCall-1] | Callee(main.js:<8,3>--<8,8>) |
| Prop(a) | [Assign-5] | Var(main.js:<3,9>--<3,9>) |
| Prop(a) | [DestructuringAssign-2] | Var(main.js:<3,9>--<3,9>) |
| Prop(arg1) | [Assign-5] | Param(main.js:<7,1>--<9,1>,1) |
| Prop(b) | [Assign-5] | Var(main.js:<3,12>--<3,12>) |
| Prop(b) | [DestructuringAssign-2] | Var(main.js:<3,12>--<3,12>) |
| Prop(log) | [FunctionCall-1] | Callee(main.js:<2,31>--<2,50>) |
| Res(main.js:<2,31>--<2,50>) | [FunctionCall-3] | Exp(main.js:<2,31>--<2,50>) |
| Res(main.js:<5,30>--<5,32>) | [FunctionCall-3] | Exp(main.js:<5,30>--<5,32>) |
| Res(main.js:<8,3>--<8,8>) | [FunctionCall-3] | Exp(main.js:<8,3>--<8,8>) |
| Res(main.js:<11,1>--<11,8>) | [FunctionCall-3] | Exp(main.js:<11,1>--<11,8>) |
| Ret(main.js:<2,18>--<2,53>) | [RetToRes] | Res(main.js:<5,30>--<5,32>) |
| Ret(main.js:<5,1>--<5,35>) | [RetToRes] | Res(main.js:<8,3>--<8,8>) |
| Ret(main.js:<7,1>--<9,1>) | [RetToRes] | Res(main.js:<11,1>--<11,8>) |
| Var(main.js:<2,7>--<2,9>) | [Assign-3] | Var(main.js:<3,9>--<3,9>) |
| Var(main.js:<2,7>--<2,9>) | [Assign-3] | Var(main.js:<3,12>--<3,12>) |
| Var(main.js:<3,9>--<3,9>) | [DestructuringAssign-1] | Prop(a) |
| Var(main.js:<3,9>--<3,9>) | [FunctionCall-1] | Callee(main.js:<5,30>--<5,32>) |
| Var(main.js:<3,12>--<3,12>) | [DestructuringAssign-1] | Prop(b) |
| Var(main.js:<5,10>--<5,24>) | [Assign-6] | Prop(arg1) |
| Var(main.js:<7,10>--<7,13>) | [FunctionCall-1] | Callee(main.js:<11,1>--<11,8>) |
