| Exp(main.js:<1,11>--<14,1>) | [Assign-3] | Var(main.js:<1,5>--<1,7>) |
| Exp(main.js:<3,17>--<3,21>) | [FunctionCall-2] | Arg(main.js:<3,5>--<3,22>,1) |
| Exp(main.js:<6,17>--<6,21>) | [FunctionCall-2] | Arg(main.js:<6,5>--<6,22>,1) |
| Exp(main.js:<10,17>--<10,21>) | [FunctionCall-2] | Arg(main.js:<10,5>--<10,22>,1) |
| Fun(main.js:<2,9>--<4,3>) | [FunctionExpr-1] | Exp(main.js:<2,9>--<4,3>) |
| Fun(main.js:<2,9>--<4,3>) | [ObjLiteral] | Prop(baz) |
| Fun(main.js:<5,3>--<8,3>) | [FunctionExpr-1] | Exp(main.js:<5,10>--<8,3>) |
| Fun(main.js:<5,3>--<8,3>) | [Getter-1] | Callee(main.js:<17,9>--<17,15>) |
| Fun(main.js:<5,3>--<8,3>) | [ObjLiteral] | Prop(bar) |
| Fun(main.js:<9,3>--<12,3>) | [FunctionExpr-1] | Exp(main.js:<9,10>--<12,3>) |
| Fun(main.js:<9,3>--<12,3>) | [ObjLiteral] | Prop(foo) |
| Fun(main.js:<9,3>--<12,3>) | [Setter-1] | Callee(main.js:<16,1>--<16,7>) |
| Param(main.js:<9,3>--<12,3>,1) | [Assign-1] | Prop(v) |
| Param(main.js:<9,3>--<12,3>,1) | [Assign-2] | Exp(main.js:<11,5>--<11,14>) |
| Prop(bar) | [Assign-3] | Var(main.js:<17,5>--<17,5>) |
| Prop(baz) | [Assign-1] | Prop(foo) |
| Prop(baz) | [Assign-2] | Exp(main.js:<16,1>--<16,17>) |
| Prop(baz) | [Setter-4] | Param(main.js:<9,3>--<12,3>,1) |
| Prop(log) | [FunctionCall-1] | Callee(main.js:<3,5>--<3,22>) |
| Prop(log) | [FunctionCall-1] | Callee(main.js:<6,5>--<6,22>) |
| Prop(log) | [FunctionCall-1] | Callee(main.js:<10,5>--<10,22>) |
| Prop(v) | [Return] | Ret(main.js:<5,3>--<8,3>) |
| Res(main.js:<3,5>--<3,22>) | [FunctionCall-3] | Exp(main.js:<3,5>--<3,22>) |
| Res(main.js:<6,5>--<6,22>) | [FunctionCall-3] | Exp(main.js:<6,5>--<6,22>) |
| Res(main.js:<10,5>--<10,22>) | [FunctionCall-3] | Exp(main.js:<10,5>--<10,22>) |
| Res(main.js:<16,1>--<16,7>) | [Setter-3] | Prop(foo) |
| Res(main.js:<17,9>--<17,15>) | [Getter-3] | Prop(bar) |
| Res(main.js:<18,1>--<18,3>) | [FunctionCall-3] | Exp(main.js:<18,1>--<18,3>) |
| Ret(main.js:<2,9>--<4,3>) | [RetToRes] | Res(main.js:<18,1>--<18,3>) |
| Ret(main.js:<5,3>--<8,3>) | [RetToRes] | Res(main.js:<17,9>--<17,15>) |
| Ret(main.js:<5,3>--<8,3>) | [RetToRes] | Res(main.js:<18,1>--<18,3>) |
| Ret(main.js:<9,3>--<12,3>) | [RetToRes] | Res(main.js:<16,1>--<16,7>) |
| Var(main.js:<1,5>--<1,7>) | [Getter-2] | This(main.js:<5,10>--<8,3>) |
| Var(main.js:<1,5>--<1,7>) | [Setter-2] | This(main.js:<9,10>--<12,3>) |
| Var(main.js:<17,5>--<17,5>) | [FunctionCall-1] | Callee(main.js:<18,1>--<18,3>) |
