| Callee(main.js:<8,9>--<8,15>) | [Assign-3] | Var(main.js:<8,5>--<8,5>) |
| Class(main.js:<1,1>--<3,1>) | [ClassDecl] | Var(main.js:<1,7>--<1,7>) |
| Class(main.js:<4,1>--<6,1>) | [ClassDecl] | Var(main.js:<4,7>--<4,7>) |
| Exp(main.js:<2,23>--<2,27>) | [FunctionCall-2] | Arg(main.js:<2,11>--<2,28>,1) |
| Exp(main.js:<4,19>--<4,18>) | [FunctionCall-2] | Arg(main.js:<4,19>--<4,18>,1) |
| Exp(main.js:<5,22>--<5,26>) | [FunctionCall-2] | Arg(main.js:<5,10>--<5,27>,1) |
| Fun(main.js:<1,9>--<1,8>) | [SuperCall] | Callee(main.js:<4,19>--<4,18>) |
| Fun(main.js:<2,3>--<2,31>) | [MethodCall-1] | Callee(main.js:<9,1>--<9,7>) |
| Fun(main.js:<2,3>--<2,31>) | [MethodDecl] | Prop(foo) |
| Fun(main.js:<4,19>--<4,18>) | [CtorCall] | Callee(main.js:<8,9>--<8,15>) |
| Fun(main.js:<5,3>--<5,30>) | [MethodCall-1] | Callee(main.js:<10,1>--<10,7>) |
| Fun(main.js:<5,3>--<5,30>) | [MethodDecl] | Prop(bar) |
| Prop(bar) | [FunctionCall-1] | Callee(main.js:<10,1>--<10,7>) |
| Prop(foo) | [FunctionCall-1] | Callee(main.js:<9,1>--<9,7>) |
| Prop(log) | [FunctionCall-1] | Callee(main.js:<2,11>--<2,28>) |
| Prop(log) | [FunctionCall-1] | Callee(main.js:<5,10>--<5,27>) |
| Receiver(main.js:<9,1>--<9,7>) | [ArgToParam-2] | This(main.js:<2,6>--<2,31>) |
| Receiver(main.js:<10,1>--<10,7>) | [ArgToParam-2] | This(main.js:<5,6>--<5,30>) |
| Res(main.js:<2,11>--<2,28>) | [FunctionCall-3] | Exp(main.js:<2,11>--<2,28>) |
| Res(main.js:<4,19>--<4,18>) | [FunctionCall-3] | Exp(main.js:<4,19>--<4,18>) |
| Res(main.js:<5,10>--<5,27>) | [FunctionCall-3] | Exp(main.js:<5,10>--<5,27>) |
| Res(main.js:<8,9>--<8,15>) | [FunctionCall-3] | Exp(main.js:<8,9>--<8,15>) |
| Res(main.js:<9,1>--<9,7>) | [FunctionCall-3] | Exp(main.js:<9,1>--<9,7>) |
| Res(main.js:<10,1>--<10,7>) | [FunctionCall-3] | Exp(main.js:<10,1>--<10,7>) |
| Ret(main.js:<2,3>--<2,31>) | [RetToRes] | Res(main.js:<9,1>--<9,7>) |
| Ret(main.js:<5,3>--<5,30>) | [RetToRes] | Res(main.js:<10,1>--<10,7>) |
| This(main.js:<4,19>--<4,18>) | [FunctionCall-1] | Callee(main.js:<4,19>--<4,18>) |
| Var(main.js:<4,7>--<4,7>) | [FunctionCall-1] | Callee(main.js:<8,9>--<8,15>) |
| Var(main.js:<8,5>--<8,5>) | [FunctionCall-Receiver] | Receiver(main.js:<9,1>--<9,7>) |
| Var(main.js:<8,5>--<8,5>) | [FunctionCall-Receiver] | Receiver(main.js:<10,1>--<10,7>) |
