| Arg(main.js:<4,13>--<4,26>,1) | [ArgToParam-1] | Param(b.js:<15,8>--<17,1>,1) |
| Arg(main.js:<4,13>--<4,26>,2) | [ArgToParam-1] | Param(b.js:<15,8>--<17,1>,2) |
| Arg(main.js:<5,1>--<5,17>,1) | [ArgToParam-1] | Param(Assert.js:<4,1>--<8,1>,1) |
| Arg(main.js:<5,1>--<5,17>,2) | [ArgToParam-1] | Param(Assert.js:<4,1>--<8,1>,2) |
| Callee(b.js:<16,9>--<16,27>) | [Return] | Ret(b.js:<15,8>--<17,1>) |
| Callee(main.js:<4,13>--<4,26>) | [Assign-3] | Var(main.js:<4,7>--<4,9>) |
| Exp(Assert.js:<6,18>--<6,62>) | [FunctionCall-2] | Arg(Assert.js:<6,6>--<6,63>,1) |
| Exp(main.js:<4,22>--<4,22>) | [FunctionCall-2] | Arg(main.js:<4,13>--<4,26>,1) |
| Exp(main.js:<4,25>--<4,25>) | [FunctionCall-2] | Arg(main.js:<4,13>--<4,26>,2) |
| Exp(main.js:<5,8>--<5,11>) | [FunctionCall-2] | Arg(main.js:<5,1>--<5,17>,1) |
| ExportName(b.js,exponent) | [SelectiveReExport] | ExportName(basicmath.js,exponent) |
| ExportName(b.js,multiply) | [SelectiveReExport] | ExportName(basicmath.js,multiply) |
| ExportName(basicmath.js,exponent) | [ImportNames] | ImportName(main.js:<1,1>--<1,38>,exponent) |
| Fun(Assert.js:<4,1>--<8,1>) | [FunctionDecl] | Var(Assert.js:<4,10>--<4,15>) |
| Fun(b.js:<5,1>--<7,1>) | [FunctionDecl] | Var(b.js:<5,10>--<5,21>) |
| Fun(b.js:<9,9>--<9,33>) | [Assign-3] | Var(b.js:<9,5>--<9,5>) |
| Fun(b.js:<9,9>--<9,33>) | [FunctionExpr-1] | Exp(b.js:<9,9>--<9,33>) |
| Fun(b.js:<11,8>--<13,1>) | [FunctionDecl] | Var(b.js:<11,17>--<11,24>) |
| Fun(b.js:<15,8>--<17,1>) | [FunctionDecl] | Var(b.js:<15,17>--<15,24>) |
| ImportMod(main.js:<2,1>--<2,35>,Assert.js) | [ImportDefault] | Var(main.js:<2,8>--<2,13>) |
| ImportName(main.js:<1,1>--<1,38>,exponent) | [NamedImport] | Var(main.js:<1,10>--<1,17>) |
| ModuleExport(Assert.js) | [Import] | ImportMod(main.js:<2,1>--<2,35>,Assert.js) |
| ModuleExport(b.js) | [ReExport-Mod] | ModuleExport(basicmath.js) |
| ModuleExport(basicmath.js) | [Import] | ImportMod(main.js:<1,1>--<1,38>,basicmath.js) |
| Param(b.js:<15,8>--<17,1>,1) | [FunctionCall-2] | Arg(b.js:<16,9>--<16,27>,1) |
| Param(b.js:<15,8>--<17,1>,2) | [FunctionCall-2] | Arg(b.js:<16,9>--<16,27>,2) |
| Prop(log) | [FunctionCall-1] | Callee(Assert.js:<6,6>--<6,63>) |
| Prop(pow) | [FunctionCall-1] | Callee(b.js:<16,9>--<16,27>) |
| Res(Assert.js:<6,6>--<6,63>) | [FunctionCall-3] | Exp(Assert.js:<6,6>--<6,63>) |
| Res(b.js:<16,9>--<16,27>) | [FunctionCall-3] | Exp(b.js:<16,9>--<16,27>) |
| Res(main.js:<4,13>--<4,26>) | [FunctionCall-3] | Exp(main.js:<4,13>--<4,26>) |
| Res(main.js:<5,1>--<5,17>) | [FunctionCall-3] | Exp(main.js:<5,1>--<5,17>) |
| Ret(Assert.js:<4,1>--<8,1>) | [RetToRes] | Res(main.js:<5,1>--<5,17>) |
| Ret(b.js:<15,8>--<17,1>) | [RetToRes] | Res(main.js:<4,13>--<4,26>) |
| Var(Assert.js:<4,10>--<4,15>) | [DefaultExport-Exp] | ModuleExport(Assert.js) |
| Var(b.js:<11,17>--<11,24>) | [NamedExport] | ExportName(b.js,multiply) |
| Var(b.js:<11,17>--<11,24>) | [NamedExport] | ExportName(basicmath.js,multiply) |
| Var(b.js:<15,17>--<15,24>) | [NamedExport] | ExportName(b.js,exponent) |
| Var(b.js:<15,17>--<15,24>) | [NamedExport] | ExportName(basicmath.js,exponent) |
| Var(main.js:<1,10>--<1,17>) | [FunctionCall-1] | Callee(main.js:<4,13>--<4,26>) |
| Var(main.js:<2,8>--<2,13>) | [FunctionCall-1] | Callee(main.js:<5,1>--<5,17>) |
| Var(main.js:<4,7>--<4,9>) | [FunctionCall-2] | Arg(main.js:<5,1>--<5,17>,2) |
