| Callee(foo.js:<5,3>--<7,4>) | Fun(fs.js:<722,11>--<722,63>) |
| Callee(foo.js:<5,3>--<7,4>) | Fun(jest.js:<167,7>--<167,53>) |
| Callee(foo.js:<6,5>--<6,39>) | Fun(es3.js:<1117,12>--<1117,25>) |
| Callee(foo.js:<6,5>--<6,39>) | Fun(globals.js:<1962,25>--<1962,60>) |
| Callee(foo.js:<6,5>--<6,39>) | Fun(globals.js:<1968,25>--<1968,45>) |
| Callee(foo.js:<11,18>--<11,39>) | Fun(fs.js:<1378,24>--<1378,49>) |
| Callee(foo.js:<11,18>--<11,39>) | Fun(jest.js:<167,7>--<167,53>) |
| Callee(foo.js:<12,3>--<14,4>) | Fun(events.js:<77,36>--<77,63>) |
| Callee(foo.js:<12,3>--<14,4>) | Fun(fs.js:<191,26>--<191,53>) |
| Callee(foo.js:<12,3>--<14,4>) | Fun(fs.js:<198,26>--<198,53>) |
| Callee(foo.js:<12,3>--<14,4>) | Fun(fs.js:<205,26>--<205,53>) |
| Callee(foo.js:<12,3>--<14,4>) | Fun(fs.js:<312,30>--<312,57>) |
| Callee(foo.js:<12,3>--<14,4>) | Fun(fs.js:<319,30>--<319,57>) |
| Callee(foo.js:<12,3>--<14,4>) | Fun(fs.js:<326,30>--<326,57>) |
| Callee(foo.js:<12,3>--<14,4>) | Fun(fs.js:<438,31>--<438,58>) |
| Callee(foo.js:<12,3>--<14,4>) | Fun(fs.js:<445,31>--<445,58>) |
| Callee(foo.js:<12,3>--<14,4>) | Fun(fs.js:<452,31>--<452,58>) |
| Callee(foo.js:<12,3>--<14,4>) | Fun(fs.js:<1371,26>--<1371,66>) |
| Callee(foo.js:<12,3>--<14,4>) | Fun(fs.js:<1379,27>--<1379,67>) |
| Callee(foo.js:<12,3>--<14,4>) | Fun(globals.js:<474,36>--<474,63>) |
| Callee(foo.js:<12,3>--<14,4>) | Fun(globals.js:<740,30>--<740,57>) |
| Callee(foo.js:<12,3>--<14,4>) | Fun(main.js:<12,7>--<14,5>) |
| Callee(foo.js:<13,5>--<13,9>) | Fun(foo.js:<4,1>--<8,1>) |
| Callee(fs.js:<722,51>--<722,60>) | Fun(foo.js:<5,17>--<7,3>) |
| Callee(fs.js:<1371,54>--<1371,63>) | Fun(foo.js:<12,21>--<14,3>) |
| Callee(fs.js:<1379,55>--<1379,64>) | Fun(foo.js:<12,21>--<14,3>) |
| Callee(jest.js:<38,31>--<38,34>) | Fun(main.js:<18,14>--<24,1>) |
| Callee(jest.js:<53,34>--<53,37>) | Fun(main.js:<20,28>--<22,5>) |
| Callee(jest.js:<167,35>--<167,50>) | Fun(main.js:<5,19>--<7,1>) |
| Callee(jest.js:<167,35>--<167,50>) | Fun(main.js:<11,32>--<16,2>) |
| Callee(main.js:<5,11>--<7,2>) | Fun(jest.js:<167,7>--<167,53>) |
| Callee(main.js:<9,21>--<9,29>) | Fun(jest.js:<167,7>--<167,53>) |
| Callee(main.js:<11,24>--<16,3>) | Fun(jest.js:<167,7>--<167,53>) |
| Callee(main.js:<13,7>--<13,12>) | Fun(foo.js:<12,21>--<14,3>) |
| Callee(main.js:<18,1>--<24,2>) | Fun(bdd.js:<51,1>--<51,26>) |
| Callee(main.js:<18,1>--<24,2>) | Fun(jest.js:<38,1>--<38,37>) |
| Callee(main.js:<20,5>--<22,6>) | Fun(bdd.js:<63,1>--<63,20>) |
| Callee(main.js:<20,5>--<22,6>) | Fun(jest.js:<53,1>--<53,40>) |
| Callee(main.js:<21,9>--<21,13>) | Fun(foo.js:<10,16>--<15,1>) |
