| Callee(main.js:<5,30>--<5,32>) | Fun(main.js:<2,18>--<2,53>) |
| Callee(main.js:<8,3>--<8,8>) | Fun(main.js:<5,1>--<5,35>) |
| Callee(main.js:<8,3>--<8,8>) | Fun(main.js:<12,18>--<12,54>) |
| Callee(main.js:<11,1>--<11,12>) | Fun(main.js:<7,1>--<9,1>) |
| Callee(main.js:<12,1>--<12,56>) | Fun(main.js:<7,1>--<9,1>) |
