| Arg(main.js:<13,13>--<13,26>,1) | [ArgToParam-1] | Param(b.js:<15,8>--<17,1>,1) |
| Arg(main.js:<13,13>--<13,26>,2) | [ArgToParam-1] | Param(b.js:<15,8>--<17,1>,2) |
| Arg(main.js:<14,1>--<14,17>,1) | [ArgToParam-1] | Param(Assert.js:<9,16>--<13,1>,1) |
| Arg(main.js:<14,1>--<14,17>,2) | [ArgToParam-1] | Param(Assert.js:<9,16>--<13,1>,2) |
| Arg(main.js:<16,1>--<23,13>,1) | [ArgToParam-1] | Param(main.js:<16,2>--<23,1>,1) |
| Arg(main.js:<19,5>--<19,31>,1) | [ArgToParam-1] | Param(Assert.js:<9,16>--<13,1>,1) |
| Arg(main.js:<19,5>--<19,31>,2) | [ArgToParam-1] | Param(Assert.js:<9,16>--<13,1>,2) |
| Arg(main.js:<19,16>--<19,30>,1) | [ArgToParam-1] | Param(a.js:<5,1>--<7,1>,1) |
| Arg(main.js:<20,5>--<20,36>,1) | [ArgToParam-1] | Param(Assert.js:<9,16>--<13,1>,1) |
| Arg(main.js:<20,5>--<20,36>,2) | [ArgToParam-1] | Param(Assert.js:<9,16>--<13,1>,2) |
| Arg(main.js:<20,16>--<20,35>,1) | [ArgToParam-1] | Param(a.js:<8,1>--<10,1>,1) |
| Arg(main.js:<22,3>--<22,20>,1) | [ArgToParam-1] | Param(main.js:<17,14>--<21,3>,1) |
| Arg(main.js:<22,3>--<22,20>,2) | [ArgToParam-1] | Param(main.js:<17,14>--<21,3>,2) |
| Callee(a.js:<6,12>--<6,38>) | [Return] | Ret(a.js:<5,1>--<7,1>) |
| Callee(a.js:<9,12>--<9,38>) | [Return] | Ret(a.js:<8,1>--<10,1>) |
| Callee(b.js:<16,9>--<16,27>) | [Return] | Ret(b.js:<15,8>--<17,1>) |
| Callee(main.js:<13,13>--<13,26>) | [Assign-3] | Var(main.js:<13,7>--<13,9>) |
| Callee(main.js:<19,16>--<19,30>) | [FunctionCall-2] | Arg(main.js:<19,5>--<19,31>,2) |
| Callee(main.js:<20,16>--<20,35>) | [FunctionCall-2] | Arg(main.js:<20,5>--<20,36>,2) |
| Exp(Assert.js:<11,18>--<11,62>) | [FunctionCall-2] | Arg(Assert.js:<11,6>--<11,63>,1) |
| Exp(a.js:<6,37>--<6,37>) | [FunctionCall-2] | Arg(a.js:<6,12>--<6,38>,2) |
| Exp(a.js:<9,37>--<9,37>) | [FunctionCall-2] | Arg(a.js:<9,12>--<9,38>,2) |
| Exp(a.js:<15,16>--<15,48>) | [DefaultExport-Exp] | ModuleExport(a.js) |
| Exp(main.js:<13,22>--<13,22>) | [FunctionCall-2] | Arg(main.js:<13,13>--<13,26>,1) |
| Exp(main.js:<13,25>--<13,25>) | [FunctionCall-2] | Arg(main.js:<13,13>--<13,26>,2) |
| Exp(main.js:<14,8>--<14,11>) | [FunctionCall-2] | Arg(main.js:<14,1>--<14,17>,1) |
| Exp(main.js:<16,1>--<23,2>) | [FunctionCall-1] | Callee(main.js:<16,1>--<23,13>) |
| Exp(main.js:<19,12>--<19,13>) | [FunctionCall-2] | Arg(main.js:<19,5>--<19,31>,1) |
| Exp(main.js:<20,12>--<20,13>) | [FunctionCall-2] | Arg(main.js:<20,5>--<20,36>,1) |
| Exp(main.js:<22,11>--<22,19>) | [FunctionCall-2] | Arg(main.js:<22,3>--<22,20>,2) |
| ExportName(Assert.js,default) | [SelectiveReExport] | ExportName(assert.js,assert) |
| ExportName(arraymath.js,arrayMath) | [ImportNames] | ImportName(main.js:<6,1>--<6,43>,arrayMath) |
| ExportName(assert.js,assert) | [ImportNames] | ImportName(main.js:<7,1>--<7,37>,assert) |
| ExportName(b.js,exponent) | [SelectiveReExport] | ExportName(basicmath.js,exponent) |
| ExportName(b.js,multiply) | [SelectiveReExport] | ExportName(basicmath.js,multiply) |
| ExportName(basicmath.js,exponent) | [ImportNames] | ImportName(main.js:<5,1>--<5,41>,exponent) |
| Fun(Assert.js:<5,1>--<7,1>) | [FunctionDecl] | Var(Assert.js:<5,10>--<5,21>) |
| Fun(Assert.js:<6,11>--<6,36>) | [FunctionExpr-1] | Exp(Assert.js:<6,11>--<6,36>) |
| Fun(Assert.js:<6,11>--<6,36>) | [FunctionExpr-3] | Var(Assert.js:<6,20>--<6,31>) |
| Fun(Assert.js:<9,16>--<13,1>) | [FunctionDecl] | Var(Assert.js:<9,25>--<9,30>) |
| Fun(a.js:<5,1>--<7,1>) | [FunctionDecl] | Var(a.js:<5,10>--<5,12>) |
| Fun(a.js:<6,23>--<6,34>) | [FunctionCall-2] | Arg(a.js:<6,12>--<6,38>,1) |
| Fun(a.js:<6,23>--<6,34>) | [FunctionExpr-2] | Exp(a.js:<6,23>--<6,34>) |
| Fun(a.js:<8,1>--<10,1>) | [FunctionDecl] | Var(a.js:<8,10>--<8,17>) |
| Fun(a.js:<9,23>--<9,34>) | [FunctionCall-2] | Arg(a.js:<9,12>--<9,38>,1) |
| Fun(a.js:<9,23>--<9,34>) | [FunctionExpr-2] | Exp(a.js:<9,23>--<9,34>) |
| Fun(a.js:<11,1>--<13,1>) | [FunctionDecl] | Var(a.js:<11,10>--<11,21>) |
| Fun(b.js:<5,1>--<7,1>) | [FunctionDecl] | Var(b.js:<5,10>--<5,21>) |
| Fun(b.js:<9,9>--<9,33>) | [Assign-3] | Var(b.js:<9,5>--<9,5>) |
| Fun(b.js:<9,9>--<9,33>) | [FunctionExpr-1] | Exp(b.js:<9,9>--<9,33>) |
| Fun(b.js:<11,8>--<13,1>) | [FunctionDecl] | Var(b.js:<11,17>--<11,24>) |
| Fun(b.js:<15,8>--<17,1>) | [FunctionDecl] | Var(b.js:<15,17>--<15,24>) |
| Fun(main.js:<9,1>--<11,1>) | [FunctionDecl] | Var(main.js:<9,10>--<9,21>) |
| Fun(main.js:<16,2>--<23,1>) | [FunctionExpr-1] | Exp(main.js:<16,2>--<23,1>) |
| Fun(main.js:<16,2>--<23,1>) | [ParenthesizedExpr] | Exp(main.js:<16,1>--<23,2>) |
| Fun(main.js:<17,14>--<21,3>) | [Assign-3] | Var(main.js:<17,7>--<17,10>) |
| Fun(main.js:<17,14>--<21,3>) | [FunctionExpr-1] | Exp(main.js:<17,14>--<21,3>) |
| ImportName(main.js:<5,1>--<5,41>,exponent) | [NamedImport] | Var(main.js:<5,10>--<5,17>) |
| ImportName(main.js:<6,1>--<6,43>,arrayMath) | [NamedImport] | Var(main.js:<6,10>--<6,18>) |
| ImportName(main.js:<7,1>--<7,37>,assert) | [NamedImport] | Var(main.js:<7,10>--<7,15>) |
| ModuleExport(Assert.js) | [ReExport-Mod] | ModuleExport(assert.js) |
| ModuleExport(Assert.js) | [ReExportDefault] | ExportName(assert.js,assert) |
| ModuleExport(a.js) | [ReExport-Mod] | ModuleExport(arraymath.js) |
| ModuleExport(a.js) | [ReExportDefault] | ExportName(arraymath.js,arrayMath) |
| ModuleExport(arraymath.js) | [Import] | ImportMod(main.js:<6,1>--<6,43>,arraymath.js) |
| ModuleExport(assert.js) | [Import] | ImportMod(main.js:<7,1>--<7,37>,assert.js) |
| ModuleExport(b.js) | [ReExport-Mod] | ModuleExport(basicmath.js) |
| ModuleExport(basicmath.js) | [Import] | ImportMod(main.js:<5,1>--<5,41>,basicmath.js) |
| Param(a.js:<5,1>--<7,1>,1) | [FunctionCall-Receiver] | Receiver(a.js:<6,12>--<6,38>) |
| Param(a.js:<8,1>--<10,1>,1) | [FunctionCall-Receiver] | Receiver(a.js:<9,12>--<9,38>) |
| Param(b.js:<15,8>--<17,1>,1) | [FunctionCall-2] | Arg(b.js:<16,9>--<16,27>,1) |
| Param(b.js:<15,8>--<17,1>,2) | [FunctionCall-2] | Arg(b.js:<16,9>--<16,27>,2) |
| Param(main.js:<16,2>--<23,1>,1) | [FunctionCall-2] | Arg(main.js:<22,3>--<22,20>,1) |
| Param(main.js:<17,14>--<21,3>,1) | [Assign-3] | Var(main.js:<18,9>--<18,12>) |
| Param(main.js:<17,14>--<21,3>,2) | [FunctionCall-2] | Arg(main.js:<19,16>--<19,30>,1) |
| Param(main.js:<17,14>--<21,3>,2) | [FunctionCall-2] | Arg(main.js:<20,16>--<20,35>,1) |
| Prop(add) | [FunctionCall-1] | Callee(main.js:<19,16>--<19,30>) |
| Prop(log) | [FunctionCall-1] | Callee(Assert.js:<11,6>--<11,63>) |
| Prop(multiply) | [FunctionCall-1] | Callee(main.js:<20,16>--<20,35>) |
| Prop(pow) | [FunctionCall-1] | Callee(b.js:<16,9>--<16,27>) |
| Prop(reduce) | [FunctionCall-1] | Callee(a.js:<6,12>--<6,38>) |
| Prop(reduce) | [FunctionCall-1] | Callee(a.js:<9,12>--<9,38>) |
| Receiver(main.js:<19,16>--<19,30>) | [ArgToParam-2] | This(a.js:<5,1>--<7,1>) |
| Receiver(main.js:<20,16>--<20,35>) | [ArgToParam-2] | This(a.js:<8,1>--<10,1>) |
| Res(Assert.js:<11,6>--<11,63>) | [FunctionCall-3] | Exp(Assert.js:<11,6>--<11,63>) |
| Res(a.js:<6,12>--<6,38>) | [FunctionCall-3] | Exp(a.js:<6,12>--<6,38>) |
| Res(a.js:<9,12>--<9,38>) | [FunctionCall-3] | Exp(a.js:<9,12>--<9,38>) |
| Res(b.js:<16,9>--<16,27>) | [FunctionCall-3] | Exp(b.js:<16,9>--<16,27>) |
| Res(main.js:<13,13>--<13,26>) | [FunctionCall-3] | Exp(main.js:<13,13>--<13,26>) |
| Res(main.js:<14,1>--<14,17>) | [FunctionCall-3] | Exp(main.js:<14,1>--<14,17>) |
| Res(main.js:<16,1>--<23,13>) | [FunctionCall-3] | Exp(main.js:<16,1>--<23,13>) |
| Res(main.js:<19,5>--<19,31>) | [FunctionCall-3] | Exp(main.js:<19,5>--<19,31>) |
| Res(main.js:<19,16>--<19,30>) | [FunctionCall-3] | Exp(main.js:<19,16>--<19,30>) |
| Res(main.js:<20,5>--<20,36>) | [FunctionCall-3] | Exp(main.js:<20,5>--<20,36>) |
| Res(main.js:<20,16>--<20,35>) | [FunctionCall-3] | Exp(main.js:<20,16>--<20,35>) |
| Res(main.js:<22,3>--<22,20>) | [FunctionCall-3] | Exp(main.js:<22,3>--<22,20>) |
| Ret(Assert.js:<9,16>--<13,1>) | [RetToRes] | Res(main.js:<14,1>--<14,17>) |
| Ret(Assert.js:<9,16>--<13,1>) | [RetToRes] | Res(main.js:<19,5>--<19,31>) |
| Ret(Assert.js:<9,16>--<13,1>) | [RetToRes] | Res(main.js:<20,5>--<20,36>) |
| Ret(a.js:<5,1>--<7,1>) | [RetToRes] | Res(main.js:<19,16>--<19,30>) |
| Ret(a.js:<8,1>--<10,1>) | [RetToRes] | Res(main.js:<20,16>--<20,35>) |
| Ret(b.js:<15,8>--<17,1>) | [RetToRes] | Res(main.js:<13,13>--<13,26>) |
| Ret(main.js:<16,2>--<23,1>) | [RetToRes] | Res(main.js:<16,1>--<23,13>) |
| Ret(main.js:<17,14>--<21,3>) | [RetToRes] | Res(main.js:<22,3>--<22,20>) |
| Var(Assert.js:<9,25>--<9,30>) | [DefaultExport-Fun] | ModuleExport(Assert.js) |
| Var(Assert.js:<9,25>--<9,30>) | [NamedExport] | ExportName(assert.js,assert) |
| Var(a.js:<5,10>--<5,12>) | [ObjLiteral] | Prop(add) |
| Var(a.js:<8,10>--<8,17>) | [ObjLiteral] | Prop(multiply) |
| Var(b.js:<11,17>--<11,24>) | [NamedExport] | ExportName(b.js,multiply) |
| Var(b.js:<11,17>--<11,24>) | [NamedExport] | ExportName(basicmath.js,multiply) |
| Var(b.js:<15,17>--<15,24>) | [NamedExport] | ExportName(b.js,exponent) |
| Var(b.js:<15,17>--<15,24>) | [NamedExport] | ExportName(basicmath.js,exponent) |
| Var(main.js:<5,10>--<5,17>) | [FunctionCall-1] | Callee(main.js:<13,13>--<13,26>) |
| Var(main.js:<6,10>--<6,18>) | [FunctionCall-2] | Arg(main.js:<16,1>--<23,13>,1) |
| Var(main.js:<7,10>--<7,15>) | [FunctionCall-1] | Callee(main.js:<14,1>--<14,17>) |
| Var(main.js:<7,10>--<7,15>) | [FunctionCall-1] | Callee(main.js:<19,5>--<19,31>) |
| Var(main.js:<7,10>--<7,15>) | [FunctionCall-1] | Callee(main.js:<20,5>--<20,36>) |
| Var(main.js:<13,7>--<13,9>) | [FunctionCall-2] | Arg(main.js:<14,1>--<14,17>,2) |
| Var(main.js:<17,7>--<17,10>) | [FunctionCall-1] | Callee(main.js:<22,3>--<22,20>) |
| Var(main.js:<18,9>--<18,12>) | [FunctionCall-Receiver] | Receiver(main.js:<19,16>--<19,30>) |
| Var(main.js:<18,9>--<18,12>) | [FunctionCall-Receiver] | Receiver(main.js:<20,16>--<20,35>) |
