| Arg(main.js:<16,3>--<18,4>,1) | [ArgToParam-1] | Param(main.js:<8,1>--<12,1>,1) |
| Arg(main.js:<17,5>--<17,30>,1) | [ArgToParam-1] | Param(main.js:<4,1>--<6,1>,1) |
| Fun(main.js:<2,1>--<2,30>) | [FunctionDecl] | Var(main.js:<2,10>--<2,24>) |
| Fun(main.js:<4,1>--<6,1>) | [FunctionDecl] | Var(main.js:<4,10>--<4,29>) |
| Fun(main.js:<8,1>--<12,1>) | [FunctionDecl] | Var(main.js:<8,10>--<8,33>) |
| Fun(main.js:<14,1>--<20,1>) | [FunctionDecl] | Var(main.js:<14,10>--<14,13>) |
| Fun(main.js:<16,28>--<18,3>) | [FunctionCall-2] | Arg(main.js:<16,3>--<18,4>,1) |
| Fun(main.js:<16,28>--<18,3>) | [FunctionExpr-2] | Exp(main.js:<16,28>--<18,3>) |
| Param(main.js:<4,1>--<6,1>,1) | [FunctionCall-1] | Callee(main.js:<5,3>--<5,8>) |
| Param(main.js:<8,1>--<12,1>,1) | [FunctionCall-1] | Callee(main.js:<10,5>--<10,14>) |
| Param(main.js:<14,1>--<20,1>,1) | [FunctionCall-2] | Arg(main.js:<17,5>--<17,30>,1) |
| Res(main.js:<5,3>--<5,8>) | [FunctionCall-3] | Exp(main.js:<5,3>--<5,8>) |
| Res(main.js:<10,5>--<10,14>) | [FunctionCall-3] | Exp(main.js:<10,5>--<10,14>) |
| Res(main.js:<16,3>--<18,4>) | [FunctionCall-3] | Exp(main.js:<16,3>--<18,4>) |
| Res(main.js:<17,5>--<17,30>) | [FunctionCall-3] | Exp(main.js:<17,5>--<17,30>) |
| Res(main.js:<22,1>--<22,6>) | [FunctionCall-3] | Exp(main.js:<22,1>--<22,6>) |
| Ret(main.js:<2,1>--<2,30>) | [RetToRes] | Res(main.js:<5,3>--<5,8>) |
| Ret(main.js:<4,1>--<6,1>) | [RetToRes] | Res(main.js:<17,5>--<17,30>) |
| Ret(main.js:<8,1>--<12,1>) | [RetToRes] | Res(main.js:<16,3>--<18,4>) |
| Ret(main.js:<14,1>--<20,1>) | [RetToRes] | Res(main.js:<22,1>--<22,6>) |
| Ret(main.js:<16,28>--<18,3>) | [RetToRes] | Res(main.js:<10,5>--<10,14>) |
| Var(main.js:<2,10>--<2,24>) | [Assign-4] | Param(main.js:<14,1>--<20,1>,1) |
| Var(main.js:<4,10>--<4,29>) | [FunctionCall-1] | Callee(main.js:<17,5>--<17,30>) |
| Var(main.js:<8,10>--<8,33>) | [FunctionCall-1] | Callee(main.js:<16,3>--<18,4>) |
| Var(main.js:<14,10>--<14,13>) | [FunctionCall-1] | Callee(main.js:<22,1>--<22,6>) |
