| Callee(main.js:<2,11>--<2,21>) | Fun(main.js:<6,3>--<6,21>) |
| Callee(main.js:<6,11>--<6,17>) | Fun(main.js:<3,3>--<3,10>) |
| Callee(main.js:<9,9>--<9,15>) | Fun(main.js:<1,9>--<1,8>) |
| Callee(main.js:<10,9>--<10,15>) | Fun(main.js:<5,9>--<5,8>) |
| Callee(main.js:<11,1>--<11,8>) | Fun(main.js:<2,3>--<2,24>) |
