| Arg(main.js:<2,11>--<2,21>,1) | [ArgToParam-1] | Param(main.js:<6,3>--<6,21>,1) |
| Arg(main.js:<11,1>--<11,8>,1) | [ArgToParam-1] | Param(main.js:<2,3>--<2,24>,1) |
| Callee(main.js:<9,9>--<9,15>) | [Assign-3] | Var(main.js:<9,5>--<9,5>) |
| Callee(main.js:<10,9>--<10,15>) | [Assign-3] | Var(main.js:<10,5>--<10,5>) |
| Class(main.js:<1,1>--<4,1>) | [ClassDecl] | Var(main.js:<1,7>--<1,7>) |
| Class(main.js:<5,1>--<7,1>) | [ClassDecl] | Var(main.js:<5,7>--<5,7>) |
| Fun(main.js:<1,9>--<1,8>) | [CtorCall] | Callee(main.js:<9,9>--<9,15>) |
| Fun(main.js:<2,3>--<2,24>) | [MethodCall-1] | Callee(main.js:<11,1>--<11,8>) |
| Fun(main.js:<2,3>--<2,24>) | [MethodDecl] | Prop(foo) |
| Fun(main.js:<3,3>--<3,10>) | [MethodCall-1] | Callee(main.js:<6,11>--<6,17>) |
| Fun(main.js:<3,3>--<3,10>) | [MethodDecl] | Prop(baz) |
| Fun(main.js:<5,9>--<5,8>) | [CtorCall] | Callee(main.js:<10,9>--<10,15>) |
| Fun(main.js:<6,3>--<6,21>) | [MethodCall-1] | Callee(main.js:<2,11>--<2,21>) |
| Fun(main.js:<6,3>--<6,21>) | [MethodDecl] | Prop(bar) |
| Param(main.js:<2,3>--<2,24>,1) | [FunctionCall-Receiver] | Receiver(main.js:<2,11>--<2,21>) |
| Param(main.js:<6,3>--<6,21>,1) | [FunctionCall-Receiver] | Receiver(main.js:<6,11>--<6,17>) |
| Prop(bar) | [FunctionCall-1] | Callee(main.js:<2,11>--<2,21>) |
| Prop(baz) | [FunctionCall-1] | Callee(main.js:<6,11>--<6,17>) |
| Prop(foo) | [FunctionCall-1] | Callee(main.js:<11,1>--<11,8>) |
| Receiver(main.js:<2,11>--<2,21>) | [ArgToParam-2] | This(main.js:<6,6>--<6,21>) |
| Receiver(main.js:<6,11>--<6,17>) | [ArgToParam-2] | This(main.js:<3,6>--<3,10>) |
| Receiver(main.js:<11,1>--<11,8>) | [ArgToParam-2] | This(main.js:<2,6>--<2,24>) |
| Res(main.js:<2,11>--<2,21>) | [FunctionCall-3] | Exp(main.js:<2,11>--<2,21>) |
| Res(main.js:<6,11>--<6,17>) | [FunctionCall-3] | Exp(main.js:<6,11>--<6,17>) |
| Res(main.js:<9,9>--<9,15>) | [FunctionCall-3] | Exp(main.js:<9,9>--<9,15>) |
| Res(main.js:<10,9>--<10,15>) | [FunctionCall-3] | Exp(main.js:<10,9>--<10,15>) |
| Res(main.js:<11,1>--<11,8>) | [FunctionCall-3] | Exp(main.js:<11,1>--<11,8>) |
| Ret(main.js:<2,3>--<2,24>) | [RetToRes] | Res(main.js:<11,1>--<11,8>) |
| Ret(main.js:<3,3>--<3,10>) | [RetToRes] | Res(main.js:<6,11>--<6,17>) |
| Ret(main.js:<6,3>--<6,21>) | [RetToRes] | Res(main.js:<2,11>--<2,21>) |
| This(main.js:<2,6>--<2,24>) | [FunctionCall-2] | Arg(main.js:<2,11>--<2,21>,1) |
| Var(main.js:<1,7>--<1,7>) | [FunctionCall-1] | Callee(main.js:<9,9>--<9,15>) |
| Var(main.js:<5,7>--<5,7>) | [FunctionCall-1] | Callee(main.js:<10,9>--<10,15>) |
| Var(main.js:<9,5>--<9,5>) | [FunctionCall-Receiver] | Receiver(main.js:<11,1>--<11,8>) |
| Var(main.js:<10,5>--<10,5>) | [FunctionCall-2] | Arg(main.js:<11,1>--<11,8>,1) |
