| Arg(main.js:<9,13>--<9,21>,1) | [ArgToParam-1] | Param(basicmath.js:<8,25>--<10,1>,1) |
| Arg(main.js:<9,13>--<9,21>,2) | [ArgToParam-1] | Param(basicmath.js:<8,25>--<10,1>,2) |
| Arg(main.js:<10,1>--<10,19>,1) | [ArgToParam-1] | Param(Assert.js:<4,1>--<8,1>,1) |
| Arg(main.js:<10,1>--<10,19>,2) | [ArgToParam-1] | Param(Assert.js:<4,1>--<8,1>,2) |
| Arg(main.js:<12,1>--<19,13>,1) | [ArgToParam-1] | Param(main.js:<12,2>--<19,1>,1) |
| Arg(main.js:<15,5>--<15,33>,1) | [ArgToParam-1] | Param(Assert.js:<4,1>--<8,1>,1) |
| Arg(main.js:<15,5>--<15,33>,2) | [ArgToParam-1] | Param(Assert.js:<4,1>--<8,1>,2) |
| Arg(main.js:<15,18>--<15,32>,1) | [ArgToParam-1] | Param(arraymath.js:<5,18>--<7,18>,1) |
| Arg(main.js:<16,5>--<16,38>,1) | [ArgToParam-1] | Param(Assert.js:<4,1>--<8,1>,1) |
| Arg(main.js:<16,5>--<16,38>,2) | [ArgToParam-1] | Param(Assert.js:<4,1>--<8,1>,2) |
| Arg(main.js:<16,18>--<16,37>,1) | [ArgToParam-1] | Param(arraymath.js:<9,23>--<11,23>,1) |
| Arg(main.js:<18,3>--<18,20>,1) | [ArgToParam-1] | Param(main.js:<13,14>--<17,3>,1) |
| Arg(main.js:<18,3>--<18,20>,2) | [ArgToParam-1] | Param(main.js:<13,14>--<17,3>,2) |
| Callee(arraymath.js:<6,29>--<6,55>) | [Return] | Ret(arraymath.js:<5,18>--<7,18>) |
| Callee(arraymath.js:<10,35>--<10,61>) | [Return] | Ret(arraymath.js:<9,23>--<11,23>) |
| Callee(basicmath.js:<9,9>--<9,27>) | [Return] | Ret(basicmath.js:<8,25>--<10,1>) |
| Callee(main.js:<9,13>--<9,21>) | [Assign-3] | Var(main.js:<9,7>--<9,9>) |
| Callee(main.js:<15,18>--<15,32>) | [FunctionCall-2] | Arg(main.js:<15,5>--<15,33>,2) |
| Callee(main.js:<16,18>--<16,37>) | [FunctionCall-2] | Arg(main.js:<16,5>--<16,38>,2) |
| Exp(Assert.js:<6,18>--<6,62>) | [FunctionCall-2] | Arg(Assert.js:<6,6>--<6,63>,1) |
| Exp(arraymath.js:<6,54>--<6,54>) | [FunctionCall-2] | Arg(arraymath.js:<6,29>--<6,55>,2) |
| Exp(arraymath.js:<10,60>--<10,60>) | [FunctionCall-2] | Arg(arraymath.js:<10,35>--<10,61>,2) |
| Exp(main.js:<9,17>--<9,17>) | [FunctionCall-2] | Arg(main.js:<9,13>--<9,21>,1) |
| Exp(main.js:<9,20>--<9,20>) | [FunctionCall-2] | Arg(main.js:<9,13>--<9,21>,2) |
| Exp(main.js:<10,10>--<10,13>) | [FunctionCall-2] | Arg(main.js:<10,1>--<10,19>,1) |
| Exp(main.js:<12,1>--<19,2>) | [FunctionCall-1] | Callee(main.js:<12,1>--<19,13>) |
| Exp(main.js:<15,14>--<15,15>) | [FunctionCall-2] | Arg(main.js:<15,5>--<15,33>,1) |
| Exp(main.js:<16,14>--<16,15>) | [FunctionCall-2] | Arg(main.js:<16,5>--<16,38>,1) |
| Exp(main.js:<18,11>--<18,19>) | [FunctionCall-2] | Arg(main.js:<18,3>--<18,20>,2) |
| ExportName(Assert.js,assert) | [ImportNames] | ImportName(main.js:<7,1>--<7,54>,assert) |
| ExportName(arraymath.js,add) | [ImportNames] | ImportName(main.js:<6,1>--<6,44>,add) |
| ExportName(arraymath.js,multiply) | [ImportNames] | ImportName(main.js:<6,1>--<6,44>,multiply) |
| ExportName(basicmath.js,exponent) | [ImportNames] | ImportName(main.js:<5,1>--<5,48>,exponent) |
| Fun(Assert.js:<4,1>--<8,1>) | [FunctionDecl] | Var(Assert.js:<4,10>--<4,16>) |
| Fun(arraymath.js:<5,18>--<7,18>) | [Assign-3] | Var(arraymath.js:<5,12>--<5,14>) |
| Fun(arraymath.js:<5,18>--<7,18>) | [FunctionExpr-1] | Exp(arraymath.js:<5,18>--<7,18>) |
| Fun(arraymath.js:<6,40>--<6,51>) | [FunctionCall-2] | Arg(arraymath.js:<6,29>--<6,55>,1) |
| Fun(arraymath.js:<6,40>--<6,51>) | [FunctionExpr-2] | Exp(arraymath.js:<6,40>--<6,51>) |
| Fun(arraymath.js:<9,23>--<11,23>) | [Assign-3] | Var(arraymath.js:<9,12>--<9,19>) |
| Fun(arraymath.js:<9,23>--<11,23>) | [FunctionExpr-1] | Exp(arraymath.js:<9,23>--<11,23>) |
| Fun(arraymath.js:<10,46>--<10,57>) | [FunctionCall-2] | Arg(arraymath.js:<10,35>--<10,61>,1) |
| Fun(arraymath.js:<10,46>--<10,57>) | [FunctionExpr-2] | Exp(arraymath.js:<10,46>--<10,57>) |
| Fun(basicmath.js:<4,23>--<6,1>) | [Assign-3] | Var(basicmath.js:<4,12>--<4,19>) |
| Fun(basicmath.js:<4,23>--<6,1>) | [FunctionExpr-1] | Exp(basicmath.js:<4,23>--<6,1>) |
| Fun(basicmath.js:<8,25>--<10,1>) | [Assign-3] | Var(basicmath.js:<8,14>--<8,21>) |
| Fun(basicmath.js:<8,25>--<10,1>) | [FunctionExpr-1] | Exp(basicmath.js:<8,25>--<10,1>) |
| Fun(main.js:<12,2>--<19,1>) | [FunctionExpr-1] | Exp(main.js:<12,2>--<19,1>) |
| Fun(main.js:<12,2>--<19,1>) | [ParenthesizedExpr] | Exp(main.js:<12,1>--<19,2>) |
| Fun(main.js:<13,14>--<17,3>) | [Assign-3] | Var(main.js:<13,7>--<13,10>) |
| Fun(main.js:<13,14>--<17,3>) | [FunctionExpr-1] | Exp(main.js:<13,14>--<17,3>) |
| ImportName(main.js:<5,1>--<5,48>,exponent) | [NamedImport] | Var(main.js:<5,22>--<5,24>) |
| ImportName(main.js:<6,1>--<6,44>,add) | [FunctionCall-1] | Callee(main.js:<15,18>--<15,32>) |
| ImportName(main.js:<6,1>--<6,44>,multiply) | [FunctionCall-1] | Callee(main.js:<16,18>--<16,37>) |
| ImportName(main.js:<7,1>--<7,54>,assert) | [NamedImport] | Var(main.js:<7,20>--<7,27>) |
| ModuleExport(Assert.js) | [Import] | ImportMod(main.js:<7,1>--<7,54>,Assert.js) |
| ModuleExport(arraymath.js) | [Import] | ImportMod(main.js:<6,1>--<6,44>,arraymath.js) |
| ModuleExport(basicmath.js) | [Import] | ImportMod(main.js:<5,1>--<5,48>,basicmath.js) |
| Param(arraymath.js:<5,18>--<7,18>,1) | [FunctionCall-Receiver] | Receiver(arraymath.js:<6,29>--<6,55>) |
| Param(arraymath.js:<9,23>--<11,23>,1) | [FunctionCall-Receiver] | Receiver(arraymath.js:<10,35>--<10,61>) |
| Param(basicmath.js:<8,25>--<10,1>,1) | [FunctionCall-2] | Arg(basicmath.js:<9,9>--<9,27>,1) |
| Param(basicmath.js:<8,25>--<10,1>,2) | [FunctionCall-2] | Arg(basicmath.js:<9,9>--<9,27>,2) |
| Param(main.js:<12,2>--<19,1>,1) | [FunctionCall-2] | Arg(main.js:<18,3>--<18,20>,1) |
| Param(main.js:<13,14>--<17,3>,1) | [Assign-3] | Var(main.js:<14,9>--<14,12>) |
| Param(main.js:<13,14>--<17,3>,2) | [FunctionCall-2] | Arg(main.js:<15,18>--<15,32>,1) |
| Param(main.js:<13,14>--<17,3>,2) | [FunctionCall-2] | Arg(main.js:<16,18>--<16,37>,1) |
| Prop(add) | [FunctionCall-1] | Callee(main.js:<15,18>--<15,32>) |
| Prop(log) | [FunctionCall-1] | Callee(Assert.js:<6,6>--<6,63>) |
| Prop(multiply) | [FunctionCall-1] | Callee(main.js:<16,18>--<16,37>) |
| Prop(pow) | [FunctionCall-1] | Callee(basicmath.js:<9,9>--<9,27>) |
| Prop(reduce) | [FunctionCall-1] | Callee(arraymath.js:<6,29>--<6,55>) |
| Prop(reduce) | [FunctionCall-1] | Callee(arraymath.js:<10,35>--<10,61>) |
| Receiver(main.js:<15,18>--<15,32>) | [ArgToParam-2] | This(arraymath.js:<5,18>--<7,18>) |
| Receiver(main.js:<16,18>--<16,37>) | [ArgToParam-2] | This(arraymath.js:<9,23>--<11,23>) |
| Res(Assert.js:<6,6>--<6,63>) | [FunctionCall-3] | Exp(Assert.js:<6,6>--<6,63>) |
| Res(arraymath.js:<6,29>--<6,55>) | [FunctionCall-3] | Exp(arraymath.js:<6,29>--<6,55>) |
| Res(arraymath.js:<10,35>--<10,61>) | [FunctionCall-3] | Exp(arraymath.js:<10,35>--<10,61>) |
| Res(basicmath.js:<9,9>--<9,27>) | [FunctionCall-3] | Exp(basicmath.js:<9,9>--<9,27>) |
| Res(main.js:<9,13>--<9,21>) | [FunctionCall-3] | Exp(main.js:<9,13>--<9,21>) |
| Res(main.js:<10,1>--<10,19>) | [FunctionCall-3] | Exp(main.js:<10,1>--<10,19>) |
| Res(main.js:<12,1>--<19,13>) | [FunctionCall-3] | Exp(main.js:<12,1>--<19,13>) |
| Res(main.js:<15,5>--<15,33>) | [FunctionCall-3] | Exp(main.js:<15,5>--<15,33>) |
| Res(main.js:<15,18>--<15,32>) | [FunctionCall-3] | Exp(main.js:<15,18>--<15,32>) |
| Res(main.js:<16,5>--<16,38>) | [FunctionCall-3] | Exp(main.js:<16,5>--<16,38>) |
| Res(main.js:<16,18>--<16,37>) | [FunctionCall-3] | Exp(main.js:<16,18>--<16,37>) |
| Res(main.js:<18,3>--<18,20>) | [FunctionCall-3] | Exp(main.js:<18,3>--<18,20>) |
| Ret(Assert.js:<4,1>--<8,1>) | [RetToRes] | Res(main.js:<10,1>--<10,19>) |
| Ret(Assert.js:<4,1>--<8,1>) | [RetToRes] | Res(main.js:<15,5>--<15,33>) |
| Ret(Assert.js:<4,1>--<8,1>) | [RetToRes] | Res(main.js:<16,5>--<16,38>) |
| Ret(arraymath.js:<5,18>--<7,18>) | [RetToRes] | Res(main.js:<15,18>--<15,32>) |
| Ret(arraymath.js:<9,23>--<11,23>) | [RetToRes] | Res(main.js:<16,18>--<16,37>) |
| Ret(basicmath.js:<8,25>--<10,1>) | [RetToRes] | Res(main.js:<9,13>--<9,21>) |
| Ret(main.js:<12,2>--<19,1>) | [RetToRes] | Res(main.js:<12,1>--<19,13>) |
| Ret(main.js:<13,14>--<17,3>) | [RetToRes] | Res(main.js:<18,3>--<18,20>) |
| Var(Assert.js:<4,10>--<4,16>) | [Assign-3] | Var(Assert.js:<10,14>--<10,19>) |
| Var(Assert.js:<10,14>--<10,19>) | [NamedExport] | ExportName(Assert.js,assert) |
| Var(arraymath.js:<5,12>--<5,14>) | [NamedExport] | ExportName(arraymath.js,add) |
| Var(arraymath.js:<9,12>--<9,19>) | [NamedExport] | ExportName(arraymath.js,multiply) |
| Var(basicmath.js:<4,12>--<4,19>) | [NamedExport] | ExportName(basicmath.js,multiply) |
| Var(basicmath.js:<8,14>--<8,21>) | [NamedExport] | ExportName(basicmath.js,exponent) |
| Var(main.js:<5,22>--<5,24>) | [FunctionCall-1] | Callee(main.js:<9,13>--<9,21>) |
| Var(main.js:<6,13>--<6,21>) | [FunctionCall-2] | Arg(main.js:<12,1>--<19,13>,1) |
| Var(main.js:<7,20>--<7,27>) | [FunctionCall-1] | Callee(main.js:<10,1>--<10,19>) |
| Var(main.js:<7,20>--<7,27>) | [FunctionCall-1] | Callee(main.js:<15,5>--<15,33>) |
| Var(main.js:<7,20>--<7,27>) | [FunctionCall-1] | Callee(main.js:<16,5>--<16,38>) |
| Var(main.js:<9,7>--<9,9>) | [FunctionCall-2] | Arg(main.js:<10,1>--<10,19>,2) |
| Var(main.js:<13,7>--<13,10>) | [FunctionCall-1] | Callee(main.js:<18,3>--<18,20>) |
| Var(main.js:<14,9>--<14,12>) | [FunctionCall-Receiver] | Receiver(main.js:<15,18>--<15,32>) |
| Var(main.js:<14,9>--<14,12>) | [FunctionCall-Receiver] | Receiver(main.js:<16,18>--<16,37>) |
