| Exp(main.js:<1,11>--<8,1>) | [Assign-3] | Var(main.js:<1,5>--<1,7>) |
| Exp(main.js:<3,33>--<3,37>) | [FunctionCall-2] | Arg(main.js:<3,21>--<3,38>,1) |
| Exp(main.js:<5,17>--<5,21>) | [FunctionCall-2] | Arg(main.js:<5,5>--<5,22>,1) |
| Exp(main.js:<6,36>--<6,40>) | [FunctionCall-2] | Arg(main.js:<6,24>--<6,41>,1) |
| Fun(main.js:<3,9>--<3,41>) | [FunctionExpr-1] | Exp(main.js:<3,9>--<3,41>) |
| Fun(main.js:<3,9>--<3,41>) | [ObjLiteral] | Prop(foo) |
| Fun(main.js:<4,3>--<7,3>) | [FunctionExpr-1] | Exp(main.js:<4,10>--<7,3>) |
| Fun(main.js:<4,3>--<7,3>) | [Getter-1] | Callee(main.js:<11,11>--<11,17>) |
| Fun(main.js:<4,3>--<7,3>) | [ObjLiteral] | Prop(bar) |
| Fun(main.js:<6,12>--<6,44>) | [FunctionExpr-1] | Exp(main.js:<6,12>--<6,44>) |
| Fun(main.js:<6,12>--<6,44>) | [Return] | Ret(main.js:<4,3>--<7,3>) |
| Prop(bar) | [Assign-3] | Var(main.js:<11,5>--<11,7>) |
| Prop(foo) | [FunctionCall-1] | Callee(main.js:<10,1>--<10,9>) |
| Prop(log) | [FunctionCall-1] | Callee(main.js:<3,21>--<3,38>) |
| Prop(log) | [FunctionCall-1] | Callee(main.js:<5,5>--<5,22>) |
| Prop(log) | [FunctionCall-1] | Callee(main.js:<6,24>--<6,41>) |
| Receiver(main.js:<10,1>--<10,9>) | [ArgToParam-2] | This(main.js:<3,9>--<3,41>) |
| Res(main.js:<3,21>--<3,38>) | [FunctionCall-3] | Exp(main.js:<3,21>--<3,38>) |
| Res(main.js:<5,5>--<5,22>) | [FunctionCall-3] | Exp(main.js:<5,5>--<5,22>) |
| Res(main.js:<6,24>--<6,41>) | [FunctionCall-3] | Exp(main.js:<6,24>--<6,41>) |
| Res(main.js:<10,1>--<10,9>) | [FunctionCall-3] | Exp(main.js:<10,1>--<10,9>) |
| Res(main.js:<11,11>--<11,17>) | [Getter-3] | Prop(bar) |
| Res(main.js:<12,1>--<12,5>) | [FunctionCall-3] | Exp(main.js:<12,1>--<12,5>) |
| Ret(main.js:<3,9>--<3,41>) | [RetToRes] | Res(main.js:<10,1>--<10,9>) |
| Ret(main.js:<4,3>--<7,3>) | [RetToRes] | Res(main.js:<11,11>--<11,17>) |
| Ret(main.js:<4,3>--<7,3>) | [RetToRes] | Res(main.js:<12,1>--<12,5>) |
| Ret(main.js:<6,12>--<6,44>) | [RetToRes] | Res(main.js:<12,1>--<12,5>) |
| Var(main.js:<1,5>--<1,7>) | [FunctionCall-Receiver] | Receiver(main.js:<10,1>--<10,9>) |
| Var(main.js:<1,5>--<1,7>) | [Getter-2] | This(main.js:<4,10>--<7,3>) |
| Var(main.js:<11,5>--<11,7>) | [FunctionCall-1] | Callee(main.js:<12,1>--<12,5>) |
