| Arg(main.js:<10,9>--<10,103>,1) | [ApplyArgToParam] | This(main.js:<2,13>--<4,3>) |
| Arg(main.js:<10,9>--<10,103>,1) | [ArgToParam-1] | Param(main.js:<2,13>--<4,3>,1) |
| Arg(main.js:<10,9>--<10,103>,2) | [ArgToParam-1] | Param(main.js:<2,13>--<4,3>,2) |
| Callee(main.js:<10,9>--<10,103>) | [Assign-3] | Var(main.js:<10,5>--<10,5>) |
| Exp(main.js:<1,14>--<5,1>) | [Assign-3] | Var(main.js:<1,5>--<1,10>) |
| Exp(main.js:<3,12>--<3,80>) | [Return] | Ret(main.js:<2,13>--<4,3>) |
| Exp(main.js:<6,15>--<9,1>) | [Assign-3] | Var(main.js:<6,5>--<6,11>) |
| Exp(main.js:<7,13>--<7,18>) | [ObjLiteral] | Prop(firstName) |
| Exp(main.js:<8,13>--<8,17>) | [ObjLiteral] | Prop(lastName) |
| Exp(main.js:<10,40>--<10,102>) | [FunctionCall-2] | Arg(main.js:<10,9>--<10,103>,2) |
| Fun(main.js:<2,13>--<4,3>) | [Apply] | Callee(main.js:<10,9>--<10,103>) |
| Fun(main.js:<2,13>--<4,3>) | [FunctionExpr-1] | Exp(main.js:<2,13>--<4,3>) |
| Fun(main.js:<2,13>--<4,3>) | [ObjLiteral] | Prop(fullName) |
| Fun(main.js:<10,41>--<10,68>) | [FunctionExpr-1] | Exp(main.js:<10,41>--<10,68>) |
| Fun(main.js:<10,71>--<10,100>) | [FunctionExpr-1] | Exp(main.js:<10,71>--<10,100>) |
| Param(main.js:<2,13>--<4,3>,1) | [FunctionCall-1] | Callee(main.js:<3,57>--<3,62>) |
| Param(main.js:<2,13>--<4,3>,2) | [FunctionCall-1] | Callee(main.js:<3,72>--<3,80>) |
| Prop(apply) | [FunctionCall-1] | Callee(main.js:<10,9>--<10,103>) |
| Prop(fullName) | [FunctionCall-Receiver] | Receiver(main.js:<10,9>--<10,103>) |
| Prop(log) | [FunctionCall-1] | Callee(main.js:<11,1>--<11,14>) |
| Receiver(main.js:<10,9>--<10,103>) | [ArgToParam-2] | This(main.js:<2,13>--<4,3>) |
| Res(main.js:<3,57>--<3,62>) | [FunctionCall-3] | Exp(main.js:<3,57>--<3,62>) |
| Res(main.js:<3,72>--<3,80>) | [FunctionCall-3] | Exp(main.js:<3,72>--<3,80>) |
| Res(main.js:<10,9>--<10,103>) | [FunctionCall-3] | Exp(main.js:<10,9>--<10,103>) |
| Res(main.js:<11,1>--<11,14>) | [FunctionCall-3] | Exp(main.js:<11,1>--<11,14>) |
| Ret(main.js:<2,13>--<4,3>) | [RetToRes] | Res(main.js:<10,9>--<10,103>) |
| Var(main.js:<6,5>--<6,11>) | [FunctionCall-2] | Arg(main.js:<10,9>--<10,103>,1) |
| Var(main.js:<10,5>--<10,5>) | [FunctionCall-2] | Arg(main.js:<11,1>--<11,14>,1) |
