| Callee(main.js:<18,21>--<18,37>) | [Assign-3] | Var(main.js:<18,7>--<18,17>) |
| Callee(main.js:<19,21>--<19,37>) | [Assign-3] | Var(main.js:<19,7>--<19,17>) |
| Exp(main.js:<8,13>--<11,1>) | [Assign-3] | Var(main.js:<8,7>--<8,9>) |
| Exp(my-function-2.js:<8,10>--<8,32>) | [Return] | Ret(my-function-2.js:<2,1>--<10,1>) |
| Fun(main.js:<5,1>--<5,24>) | [FunctionDecl] | Var(main.js:<5,10>--<5,18>) |
| Fun(main.js:<6,1>--<6,24>) | [FunctionDecl] | Var(main.js:<6,10>--<6,18>) |
| Fun(main.js:<9,14>--<9,27>) | [FunctionExpr-1] | Exp(main.js:<9,14>--<9,27>) |
| Fun(main.js:<9,14>--<9,27>) | [ObjLiteral] | Prop(myMethod1) |
| Fun(main.js:<10,14>--<10,27>) | [FunctionExpr-1] | Exp(main.js:<10,14>--<10,27>) |
| Fun(main.js:<10,14>--<10,27>) | [ObjLiteral] | Prop(myMethod2) |
| Fun(main.js:<13,1>--<16,1>) | [FunctionDecl] | Var(main.js:<13,10>--<13,21>) |
| Fun(my-function-1.js:<2,1>--<10,1>) | [FunctionDecl] | Var(my-function-1.js:<2,10>--<2,20>) |
| Fun(my-function-1.js:<4,20>--<4,43>) | [Assign-1] | Prop(myMethod1) |
| Fun(my-function-1.js:<4,20>--<4,43>) | [Assign-2] | Exp(my-function-1.js:<4,3>--<4,43>) |
| Fun(my-function-1.js:<4,20>--<4,43>) | [FunctionExpr-1] | Exp(my-function-1.js:<4,20>--<4,43>) |
| Fun(my-function-1.js:<4,20>--<4,43>) | [FunctionExpr-3] | Var(my-function-1.js:<4,29>--<4,37>) |
| Fun(my-function-1.js:<6,20>--<6,43>) | [Assign-1] | Prop(myMethod2) |
| Fun(my-function-1.js:<6,20>--<6,43>) | [Assign-2] | Exp(my-function-1.js:<6,3>--<6,43>) |
| Fun(my-function-1.js:<6,20>--<6,43>) | [FunctionExpr-1] | Exp(my-function-1.js:<6,20>--<6,43>) |
| Fun(my-function-1.js:<6,20>--<6,43>) | [FunctionExpr-3] | Var(my-function-1.js:<6,29>--<6,37>) |
| Fun(my-function-2.js:<2,1>--<10,1>) | [FunctionDecl] | Var(my-function-2.js:<2,10>--<2,20>) |
| Fun(my-function-2.js:<4,3>--<4,26>) | [FunctionDecl] | Var(my-function-2.js:<4,12>--<4,20>) |
| Fun(my-function-2.js:<6,3>--<6,26>) | [FunctionDecl] | Var(my-function-2.js:<6,12>--<6,20>) |
| ImportMod(main.js:<2,21>--<2,46>,my-function-1.js) | [Assign-3] | Var(main.js:<2,7>--<2,17>) |
| ImportMod(main.js:<3,21>--<3,46>,my-function-2.js) | [Assign-3] | Var(main.js:<3,7>--<3,17>) |
| ModuleExport(my-function-1.js) | [Require] | ImportMod(main.js:<2,21>--<2,46>,my-function-1.js) |
| ModuleExport(my-function-2.js) | [Require] | ImportMod(main.js:<3,21>--<3,46>,my-function-2.js) |
| Prop(myMethod1) | [FunctionCall-1] | Callee(main.js:<21,1>--<21,23>) |
| Prop(myMethod2) | [FunctionCall-1] | Callee(main.js:<22,1>--<22,23>) |
| Receiver(main.js:<21,1>--<21,23>) | [ArgToParam-2] | This(main.js:<9,14>--<9,27>) |
| Receiver(main.js:<21,1>--<21,23>) | [ArgToParam-2] | This(my-function-1.js:<4,20>--<4,43>) |
| Receiver(main.js:<21,1>--<21,23>) | [ArgToParam-2] | This(my-function-2.js:<4,3>--<4,26>) |
| Receiver(main.js:<22,1>--<22,23>) | [ArgToParam-2] | This(main.js:<10,14>--<10,27>) |
| Receiver(main.js:<22,1>--<22,23>) | [ArgToParam-2] | This(my-function-1.js:<6,20>--<6,43>) |
| Receiver(main.js:<22,1>--<22,23>) | [ArgToParam-2] | This(my-function-2.js:<6,3>--<6,26>) |
| Res(main.js:<2,21>--<2,46>) | [FunctionCall-3] | Exp(main.js:<2,21>--<2,46>) |
| Res(main.js:<3,21>--<3,46>) | [FunctionCall-3] | Exp(main.js:<3,21>--<3,46>) |
| Res(main.js:<14,3>--<14,8>) | [FunctionCall-3] | Exp(main.js:<14,3>--<14,8>) |
| Res(main.js:<15,3>--<15,8>) | [FunctionCall-3] | Exp(main.js:<15,3>--<15,8>) |
| Res(main.js:<18,21>--<18,37>) | [FunctionCall-3] | Exp(main.js:<18,21>--<18,37>) |
| Res(main.js:<19,21>--<19,37>) | [FunctionCall-3] | Exp(main.js:<19,21>--<19,37>) |
| Res(main.js:<21,1>--<21,23>) | [FunctionCall-3] | Exp(main.js:<21,1>--<21,23>) |
| Res(main.js:<22,1>--<22,23>) | [FunctionCall-3] | Exp(main.js:<22,1>--<22,23>) |
| Ret(main.js:<9,14>--<9,27>) | [RetToRes] | Res(main.js:<21,1>--<21,23>) |
| Ret(main.js:<10,14>--<10,27>) | [RetToRes] | Res(main.js:<22,1>--<22,23>) |
| Ret(my-function-1.js:<2,1>--<10,1>) | [RetToRes] | Res(main.js:<18,21>--<18,37>) |
| Ret(my-function-1.js:<4,20>--<4,43>) | [RetToRes] | Res(main.js:<21,1>--<21,23>) |
| Ret(my-function-1.js:<6,20>--<6,43>) | [RetToRes] | Res(main.js:<22,1>--<22,23>) |
| Ret(my-function-2.js:<2,1>--<10,1>) | [RetToRes] | Res(main.js:<19,21>--<19,37>) |
| Ret(my-function-2.js:<4,3>--<4,26>) | [RetToRes] | Res(main.js:<21,1>--<21,23>) |
| Ret(my-function-2.js:<6,3>--<6,26>) | [RetToRes] | Res(main.js:<22,1>--<22,23>) |
| Var(main.js:<2,7>--<2,17>) | [FunctionCall-1] | Callee(main.js:<18,21>--<18,37>) |
| Var(main.js:<3,7>--<3,17>) | [FunctionCall-1] | Callee(main.js:<19,21>--<19,37>) |
| Var(main.js:<18,7>--<18,17>) | [FunctionCall-Receiver] | Receiver(main.js:<21,1>--<21,23>) |
| Var(main.js:<19,7>--<19,17>) | [FunctionCall-Receiver] | Receiver(main.js:<22,1>--<22,23>) |
| Var(my-function-1.js:<2,10>--<2,20>) | [Assign-1] | ModuleExport(my-function-1.js) |
| Var(my-function-1.js:<2,10>--<2,20>) | [Assign-2] | Exp(my-function-1.js:<12,1>--<12,28>) |
| Var(my-function-2.js:<2,10>--<2,20>) | [Assign-1] | ModuleExport(my-function-2.js) |
| Var(my-function-2.js:<2,10>--<2,20>) | [Assign-2] | Exp(my-function-2.js:<12,1>--<12,28>) |
| Var(my-function-2.js:<4,12>--<4,20>) | [ObjLiteral] | Prop(myMethod1) |
| Var(my-function-2.js:<6,12>--<6,20>) | [ObjLiteral] | Prop(myMethod2) |
