| Callee(main.js:<9,10>--<9,24>) | Fun(basicmath.js:<7,3>--<7,18>) |
| Callee(main.js:<10,10>--<10,24>) | Fun(arraymath.js:<7,3>--<7,18>) |
| Callee(main.js:<12,13>--<12,29>) | Fun(basicmath.js:<14,3>--<16,3>) |
| Callee(main.js:<13,1>--<13,24>) | Fun(Assert.js:<12,3>--<16,3>) |
| Callee(main.js:<16,3>--<16,34>) | Fun(Assert.js:<12,3>--<16,3>) |
| Callee(main.js:<16,21>--<16,33>) | Fun(arraymath.js:<9,3>--<11,3>) |
| Callee(main.js:<17,3>--<17,39>) | Fun(Assert.js:<12,3>--<16,3>) |
| Callee(main.js:<17,21>--<17,38>) | Fun(arraymath.js:<13,3>--<15,3>) |
| Callee(main.js:<17,21>--<17,38>) | Fun(basicmath.js:<10,3>--<12,3>) |
| Callee(main.js:<19,1>--<19,15>) | Fun(main.js:<15,12>--<18,1>) |
