| Arg(main.js:<12,13>--<12,29>,1) | [ArgToParam-1] | Param(basicmath.js:<14,3>--<16,3>,1) |
| Arg(main.js:<12,13>--<12,29>,2) | [ArgToParam-1] | Param(basicmath.js:<14,3>--<16,3>,2) |
| Arg(main.js:<13,1>--<13,24>,1) | [ArgToParam-1] | Param(Assert.js:<12,3>--<16,3>,1) |
| Arg(main.js:<13,1>--<13,24>,2) | [ArgToParam-1] | Param(Assert.js:<12,3>--<16,3>,2) |
| Arg(main.js:<16,3>--<16,34>,1) | [ArgToParam-1] | Param(Assert.js:<12,3>--<16,3>,1) |
| Arg(main.js:<16,3>--<16,34>,2) | [ArgToParam-1] | Param(Assert.js:<12,3>--<16,3>,2) |
| Arg(main.js:<16,21>--<16,33>,1) | [ArgToParam-1] | Param(arraymath.js:<9,3>--<11,3>,1) |
| Arg(main.js:<17,3>--<17,39>,1) | [ArgToParam-1] | Param(Assert.js:<12,3>--<16,3>,1) |
| Arg(main.js:<17,3>--<17,39>,2) | [ArgToParam-1] | Param(Assert.js:<12,3>--<16,3>,2) |
| Arg(main.js:<17,21>--<17,38>,1) | [ArgToParam-1] | Param(arraymath.js:<13,3>--<15,3>,1) |
| Arg(main.js:<17,21>--<17,38>,1) | [ArgToParam-1] | Param(basicmath.js:<10,3>--<12,3>,1) |
| Arg(main.js:<19,1>--<19,15>,1) | [ArgToParam-1] | Param(main.js:<15,12>--<18,1>,1) |
| Callee(arraymath.js:<10,12>--<10,38>) | [Return] | Ret(arraymath.js:<9,3>--<11,3>) |
| Callee(arraymath.js:<14,12>--<14,38>) | [Return] | Ret(arraymath.js:<13,3>--<15,3>) |
| Callee(basicmath.js:<15,9>--<15,27>) | [Return] | Ret(basicmath.js:<14,3>--<16,3>) |
| Callee(main.js:<9,10>--<9,24>) | [Assign-3] | Var(main.js:<9,5>--<9,6>) |
| Callee(main.js:<10,10>--<10,24>) | [Assign-3] | Var(main.js:<10,5>--<10,6>) |
| Callee(main.js:<12,13>--<12,29>) | [Assign-3] | Var(main.js:<12,7>--<12,9>) |
| Callee(main.js:<16,21>--<16,33>) | [FunctionCall-2] | Arg(main.js:<16,3>--<16,34>,2) |
| Callee(main.js:<17,21>--<17,38>) | [FunctionCall-2] | Arg(main.js:<17,3>--<17,39>,2) |
| Class(Assert.js:<5,8>--<17,1>) | [ClassDecl] | Var(Assert.js:<5,14>--<5,19>) |
| Class(Assert.js:<19,8>--<27,1>) | [ClassDecl] | Var(Assert.js:<19,14>--<19,29>) |
| Class(arraymath.js:<5,16>--<22,1>) | [ClassDecl] | Var(arraymath.js:<5,22>--<5,30>) |
| Class(basicmath.js:<5,16>--<18,1>) | [ClassDecl] | Var(basicmath.js:<5,22>--<5,30>) |
| Exp(Assert.js:<14,19>--<14,63>) | [FunctionCall-2] | Arg(Assert.js:<14,7>--<14,64>,1) |
| Exp(arraymath.js:<10,37>--<10,37>) | [FunctionCall-2] | Arg(arraymath.js:<10,12>--<10,38>,2) |
| Exp(arraymath.js:<14,37>--<14,37>) | [FunctionCall-2] | Arg(arraymath.js:<14,12>--<14,38>,2) |
| Exp(basicmath.js:<11,9>--<11,21>) | [Return] | Ret(basicmath.js:<10,3>--<12,3>) |
| Exp(main.js:<12,25>--<12,25>) | [FunctionCall-2] | Arg(main.js:<12,13>--<12,29>,1) |
| Exp(main.js:<12,28>--<12,28>) | [FunctionCall-2] | Arg(main.js:<12,13>--<12,29>,2) |
| Exp(main.js:<13,15>--<13,18>) | [FunctionCall-2] | Arg(main.js:<13,1>--<13,24>,1) |
| Exp(main.js:<16,17>--<16,18>) | [FunctionCall-2] | Arg(main.js:<16,3>--<16,34>,1) |
| Exp(main.js:<17,17>--<17,18>) | [FunctionCall-2] | Arg(main.js:<17,3>--<17,39>,1) |
| Exp(main.js:<19,6>--<19,14>) | [FunctionCall-2] | Arg(main.js:<19,1>--<19,15>,1) |
| ExportName(Assert.js,Assert) | [ImportNames] | ImportName(main.js:<7,1>--<7,40>,Assert) |
| Fun(Assert.js:<12,3>--<16,3>) | [MethodCall-1] | Callee(main.js:<13,1>--<13,24>) |
| Fun(Assert.js:<12,3>--<16,3>) | [MethodCall-1] | Callee(main.js:<16,3>--<16,34>) |
| Fun(Assert.js:<12,3>--<16,3>) | [MethodCall-1] | Callee(main.js:<17,3>--<17,39>) |
| Fun(Assert.js:<12,3>--<16,3>) | [MethodDecl] | Prop(assert) |
| Fun(arraymath.js:<7,3>--<7,18>) | [CtorCall] | Callee(main.js:<10,10>--<10,24>) |
| Fun(arraymath.js:<9,3>--<11,3>) | [MethodCall-1] | Callee(main.js:<16,21>--<16,33>) |
| Fun(arraymath.js:<9,3>--<11,3>) | [MethodDecl] | Prop(add) |
| Fun(arraymath.js:<10,23>--<10,34>) | [FunctionCall-2] | Arg(arraymath.js:<10,12>--<10,38>,1) |
| Fun(arraymath.js:<10,23>--<10,34>) | [FunctionExpr-2] | Exp(arraymath.js:<10,23>--<10,34>) |
| Fun(arraymath.js:<13,3>--<15,3>) | [MethodCall-1] | Callee(main.js:<17,21>--<17,38>) |
| Fun(arraymath.js:<13,3>--<15,3>) | [MethodDecl] | Prop(multiply) |
| Fun(arraymath.js:<14,23>--<14,34>) | [FunctionCall-2] | Arg(arraymath.js:<14,12>--<14,38>,1) |
| Fun(arraymath.js:<14,23>--<14,34>) | [FunctionExpr-2] | Exp(arraymath.js:<14,23>--<14,34>) |
| Fun(basicmath.js:<7,3>--<7,18>) | [CtorCall] | Callee(main.js:<9,10>--<9,24>) |
| Fun(basicmath.js:<10,3>--<12,3>) | [MethodDecl] | Prop(multiply) |
| Fun(basicmath.js:<14,3>--<16,3>) | [MethodCall-1] | Callee(main.js:<12,13>--<12,29>) |
| Fun(basicmath.js:<14,3>--<16,3>) | [MethodDecl] | Prop(exponent) |
| Fun(main.js:<15,12>--<18,1>) | [Assign-3] | Var(main.js:<15,5>--<15,8>) |
| Fun(main.js:<15,12>--<18,1>) | [FunctionExpr-1] | Exp(main.js:<15,12>--<18,1>) |
| ImportMod(main.js:<5,1>--<5,38>,basicmath.js) | [ImportDefault] | Var(main.js:<5,8>--<5,16>) |
| ImportMod(main.js:<6,1>--<6,39>,arraymath.js) | [ImportDefault] | Var(main.js:<6,8>--<6,16>) |
| ImportName(main.js:<7,1>--<7,40>,Assert) | [NamedImport] | Var(main.js:<7,9>--<7,14>) |
| ModuleExport(Assert.js) | [Import] | ImportMod(main.js:<7,1>--<7,40>,Assert.js) |
| ModuleExport(arraymath.js) | [Import] | ImportMod(main.js:<6,1>--<6,39>,arraymath.js) |
| ModuleExport(basicmath.js) | [Import] | ImportMod(main.js:<5,1>--<5,38>,basicmath.js) |
| Param(arraymath.js:<9,3>--<11,3>,1) | [FunctionCall-Receiver] | Receiver(arraymath.js:<10,12>--<10,38>) |
| Param(arraymath.js:<13,3>--<15,3>,1) | [FunctionCall-Receiver] | Receiver(arraymath.js:<14,12>--<14,38>) |
| Param(basicmath.js:<14,3>--<16,3>,1) | [FunctionCall-2] | Arg(basicmath.js:<15,9>--<15,27>,1) |
| Param(basicmath.js:<14,3>--<16,3>,2) | [FunctionCall-2] | Arg(basicmath.js:<15,9>--<15,27>,2) |
| Param(main.js:<15,12>--<18,1>,1) | [FunctionCall-2] | Arg(main.js:<16,21>--<16,33>,1) |
| Param(main.js:<15,12>--<18,1>,1) | [FunctionCall-2] | Arg(main.js:<17,21>--<17,38>,1) |
| Prop(add) | [FunctionCall-1] | Callee(main.js:<16,21>--<16,33>) |
| Prop(assert) | [FunctionCall-1] | Callee(main.js:<13,1>--<13,24>) |
| Prop(assert) | [FunctionCall-1] | Callee(main.js:<16,3>--<16,34>) |
| Prop(assert) | [FunctionCall-1] | Callee(main.js:<17,3>--<17,39>) |
| Prop(exponent) | [FunctionCall-1] | Callee(main.js:<12,13>--<12,29>) |
| Prop(log) | [FunctionCall-1] | Callee(Assert.js:<14,7>--<14,64>) |
| Prop(multiply) | [FunctionCall-1] | Callee(main.js:<17,21>--<17,38>) |
| Prop(pow) | [FunctionCall-1] | Callee(basicmath.js:<15,9>--<15,27>) |
| Prop(reduce) | [FunctionCall-1] | Callee(arraymath.js:<10,12>--<10,38>) |
| Prop(reduce) | [FunctionCall-1] | Callee(arraymath.js:<14,12>--<14,38>) |
| Receiver(main.js:<12,13>--<12,29>) | [ArgToParam-2] | This(basicmath.js:<14,11>--<16,3>) |
| Receiver(main.js:<13,1>--<13,24>) | [ArgToParam-2] | This(Assert.js:<12,16>--<16,3>) |
| Receiver(main.js:<16,3>--<16,34>) | [ArgToParam-2] | This(Assert.js:<12,16>--<16,3>) |
| Receiver(main.js:<16,21>--<16,33>) | [ArgToParam-2] | This(arraymath.js:<9,6>--<11,3>) |
| Receiver(main.js:<17,3>--<17,39>) | [ArgToParam-2] | This(Assert.js:<12,16>--<16,3>) |
| Receiver(main.js:<17,21>--<17,38>) | [ArgToParam-2] | This(arraymath.js:<13,11>--<15,3>) |
| Receiver(main.js:<17,21>--<17,38>) | [ArgToParam-2] | This(basicmath.js:<10,11>--<12,3>) |
| Res(Assert.js:<9,5>--<9,27>) | [FunctionCall-3] | Exp(Assert.js:<9,5>--<9,27>) |
| Res(Assert.js:<14,7>--<14,64>) | [FunctionCall-3] | Exp(Assert.js:<14,7>--<14,64>) |
| Res(arraymath.js:<10,12>--<10,38>) | [FunctionCall-3] | Exp(arraymath.js:<10,12>--<10,38>) |
| Res(arraymath.js:<14,12>--<14,38>) | [FunctionCall-3] | Exp(arraymath.js:<14,12>--<14,38>) |
| Res(basicmath.js:<15,9>--<15,27>) | [FunctionCall-3] | Exp(basicmath.js:<15,9>--<15,27>) |
| Res(main.js:<9,10>--<9,24>) | [FunctionCall-3] | Exp(main.js:<9,10>--<9,24>) |
| Res(main.js:<10,10>--<10,24>) | [FunctionCall-3] | Exp(main.js:<10,10>--<10,24>) |
| Res(main.js:<12,13>--<12,29>) | [FunctionCall-3] | Exp(main.js:<12,13>--<12,29>) |
| Res(main.js:<13,1>--<13,24>) | [FunctionCall-3] | Exp(main.js:<13,1>--<13,24>) |
| Res(main.js:<16,3>--<16,34>) | [FunctionCall-3] | Exp(main.js:<16,3>--<16,34>) |
| Res(main.js:<16,21>--<16,33>) | [FunctionCall-3] | Exp(main.js:<16,21>--<16,33>) |
| Res(main.js:<17,3>--<17,39>) | [FunctionCall-3] | Exp(main.js:<17,3>--<17,39>) |
| Res(main.js:<17,21>--<17,38>) | [FunctionCall-3] | Exp(main.js:<17,21>--<17,38>) |
| Res(main.js:<19,1>--<19,15>) | [FunctionCall-3] | Exp(main.js:<19,1>--<19,15>) |
| Ret(Assert.js:<12,3>--<16,3>) | [RetToRes] | Res(main.js:<13,1>--<13,24>) |
| Ret(Assert.js:<12,3>--<16,3>) | [RetToRes] | Res(main.js:<16,3>--<16,34>) |
| Ret(Assert.js:<12,3>--<16,3>) | [RetToRes] | Res(main.js:<17,3>--<17,39>) |
| Ret(arraymath.js:<9,3>--<11,3>) | [RetToRes] | Res(main.js:<16,21>--<16,33>) |
| Ret(arraymath.js:<13,3>--<15,3>) | [RetToRes] | Res(main.js:<17,21>--<17,38>) |
| Ret(basicmath.js:<10,3>--<12,3>) | [RetToRes] | Res(main.js:<17,21>--<17,38>) |
| Ret(basicmath.js:<14,3>--<16,3>) | [RetToRes] | Res(main.js:<12,13>--<12,29>) |
| Ret(main.js:<15,12>--<18,1>) | [RetToRes] | Res(main.js:<19,1>--<19,15>) |
| Var(Assert.js:<5,14>--<5,19>) | [NamedExport] | ExportName(Assert.js,Assert) |
| Var(Assert.js:<19,14>--<19,29>) | [NamedExport] | ExportName(Assert.js,UnreachableClass) |
| Var(arraymath.js:<5,22>--<5,30>) | [DefaultExport-Class] | ModuleExport(arraymath.js) |
| Var(basicmath.js:<5,22>--<5,30>) | [DefaultExport-Class] | ModuleExport(basicmath.js) |
| Var(main.js:<5,8>--<5,16>) | [FunctionCall-1] | Callee(main.js:<9,10>--<9,24>) |
| Var(main.js:<6,8>--<6,16>) | [FunctionCall-1] | Callee(main.js:<10,10>--<10,24>) |
| Var(main.js:<7,9>--<7,14>) | [FunctionCall-Receiver] | Receiver(main.js:<13,1>--<13,24>) |
| Var(main.js:<7,9>--<7,14>) | [FunctionCall-Receiver] | Receiver(main.js:<16,3>--<16,34>) |
| Var(main.js:<7,9>--<7,14>) | [FunctionCall-Receiver] | Receiver(main.js:<17,3>--<17,39>) |
| Var(main.js:<9,5>--<9,6>) | [FunctionCall-Receiver] | Receiver(main.js:<12,13>--<12,29>) |
| Var(main.js:<10,5>--<10,6>) | [FunctionCall-Receiver] | Receiver(main.js:<16,21>--<16,33>) |
| Var(main.js:<10,5>--<10,6>) | [FunctionCall-Receiver] | Receiver(main.js:<17,21>--<17,38>) |
| Var(main.js:<12,7>--<12,9>) | [FunctionCall-2] | Arg(main.js:<13,1>--<13,24>,2) |
| Var(main.js:<15,5>--<15,8>) | [FunctionCall-1] | Callee(main.js:<19,1>--<19,15>) |
