| Callee(globals.js:<989,77>--<989,86>) | Fun(main.js:<21,18>--<21,23>) |
| Callee(main.js:<2,1>--<2,15>) | Fun(globals.js:<866,34>--<866,46>) |
| Callee(main.js:<3,1>--<3,15>) | Fun(globals.js:<872,34>--<872,55>) |
| Callee(main.js:<5,1>--<5,13>) | Fun(globals.js:<877,32>--<877,44>) |
| Callee(main.js:<6,1>--<6,20>) | Fun(globals.js:<1023,39>--<1023,51>) |
| Callee(main.js:<12,1>--<12,16>) | Fun(globals.js:<898,35>--<898,47>) |
| Callee(main.js:<14,1>--<14,16>) | Fun(globals.js:<915,35>--<915,47>) |
| Callee(main.js:<16,1>--<16,16>) | Fun(globals.js:<1006,35>--<1006,51>) |
| Callee(main.js:<19,1>--<19,14>) | Fun(globals.js:<957,33>--<957,56>) |
| Callee(main.js:<20,1>--<20,21>) | Fun(globals.js:<982,40>--<982,52>) |
| Callee(main.js:<21,1>--<21,24>) | Fun(globals.js:<989,37>--<989,89>) |
| Callee(main.js:<25,1>--<25,24>) | Fun(globals.js:<1018,33>--<1018,64>) |
| Callee(main.js:<28,1>--<28,16>) | Fun(globals.js:<904,35>--<904,49>) |
| Callee(main.js:<28,1>--<28,16>) | Fun(globals.js:<910,35>--<910,49>) |
| Callee(main.js:<30,1>--<30,16>) | Fun(globals.js:<921,35>--<921,49>) |
| Callee(main.js:<30,1>--<30,16>) | Fun(globals.js:<927,35>--<927,49>) |
| Callee(main.js:<32,1>--<32,15>) | Fun(globals.js:<995,34>--<995,50>) |
| Callee(main.js:<33,1>--<33,16>) | Fun(globals.js:<1000,35>--<1000,47>) |
| Callee(main.js:<34,1>--<34,14>) | Fun(globals.js:<888,33>--<888,49>) |