| Callee(main.js:<19,8>--<19,39>) | Fun(main.js:<1,17>--<14,1>) |
| Callee(main.js:<20,11>--<20,45>) | Fun(main.js:<1,17>--<14,1>) |
| Callee(main.js:<21,11>--<21,45>) | Fun(main.js:<1,17>--<14,1>) |
| Callee(main.js:<22,9>--<22,41>) | Fun(main.js:<1,17>--<14,1>) |
| Callee(main.js:<23,8>--<23,27>) | Fun(main.js:<1,17>--<14,1>) |
