| Arg(main.js:<19,8>--<19,39>,1) | [ArgToParam-1] | Param(main.js:<1,17>--<14,1>,1) |
| Arg(main.js:<19,8>--<19,39>,2) | [ArgToParam-1] | Param(main.js:<1,17>--<14,1>,2) |
| Arg(main.js:<20,11>--<20,45>,1) | [ArgToParam-1] | Param(main.js:<1,17>--<14,1>,1) |
| Arg(main.js:<20,11>--<20,45>,2) | [ArgToParam-1] | Param(main.js:<1,17>--<14,1>,2) |
| Arg(main.js:<21,11>--<21,45>,1) | [ArgToParam-1] | Param(main.js:<1,17>--<14,1>,1) |
| Arg(main.js:<21,11>--<21,45>,2) | [ArgToParam-1] | Param(main.js:<1,17>--<14,1>,2) |
| Arg(main.js:<22,9>--<22,41>,1) | [ArgToParam-1] | Param(main.js:<1,17>--<14,1>,1) |
| Arg(main.js:<22,9>--<22,41>,2) | [ArgToParam-1] | Param(main.js:<1,17>--<14,1>,2) |
| Arg(main.js:<23,8>--<23,27>,1) | [ArgToParam-1] | Param(main.js:<1,17>--<14,1>,1) |
| Exp(main.js:<2,34>--<2,35>) | [Assign-1] | Param(main.js:<1,17>--<14,1>,2) |
| Exp(main.js:<2,34>--<2,35>) | [Assign-2] | Exp(main.js:<2,27>--<2,35>) |
| Exp(main.js:<6,22>--<6,38>) | [Assign-1] | Prop(beforeExpr) |
| Exp(main.js:<6,22>--<6,38>) | [Assign-2] | Exp(main.js:<6,4>--<6,38>) |
| Exp(main.js:<7,22>--<7,38>) | [Assign-1] | Prop(startsExpr) |
| Exp(main.js:<7,22>--<7,38>) | [Assign-2] | Exp(main.js:<7,4>--<7,38>) |
| Exp(main.js:<8,18>--<8,30>) | [Assign-1] | Prop(isLoop) |
| Exp(main.js:<8,18>--<8,30>) | [Assign-2] | Exp(main.js:<8,4>--<8,30>) |
| Exp(main.js:<9,20>--<9,34>) | [Assign-1] | Prop(isAssign) |
| Exp(main.js:<9,20>--<9,34>) | [Assign-2] | Exp(main.js:<9,4>--<9,34>) |
| Exp(main.js:<10,18>--<10,30>) | [Assign-1] | Prop(prefix) |
| Exp(main.js:<10,18>--<10,30>) | [Assign-2] | Exp(main.js:<10,4>--<10,30>) |
| Exp(main.js:<11,19>--<11,32>) | [Assign-1] | Prop(postfix) |
| Exp(main.js:<11,19>--<11,32>) | [Assign-2] | Exp(main.js:<11,4>--<11,32>) |
| Exp(main.js:<12,17>--<12,34>) | [Assign-1] | Prop(binop) |
| Exp(main.js:<12,17>--<12,34>) | [Assign-2] | Exp(main.js:<12,4>--<12,34>) |
| Exp(main.js:<12,31>--<12,34>) | LogicalOr-2]  | Exp(main.js:<12,17>--<12,34>) |
| Exp(main.js:<13,25>--<13,28>) | [Assign-1] | Prop(updateContext) |
| Exp(main.js:<13,25>--<13,28>) | [Assign-2] | Exp(main.js:<13,4>--<13,28>) |
| Exp(main.js:<16,18>--<16,35>) | [Assign-3] | Var(main.js:<16,5>--<16,14>) |
| Exp(main.js:<16,31>--<16,34>) | [ObjLiteral] | Prop(beforeExpr) |
| Exp(main.js:<16,51>--<16,68>) | [Assign-3] | Var(main.js:<16,38>--<16,47>) |
| Exp(main.js:<16,64>--<16,67>) | [ObjLiteral] | Prop(startsExpr) |
| Exp(main.js:<18,13>--<24,1>) | [Assign-3] | Var(main.js:<18,5>--<18,9>) |
| Exp(main.js:<19,22>--<19,26>) | [FunctionCall-2] | Arg(main.js:<19,8>--<19,39>,1) |
| Exp(main.js:<20,25>--<20,32>) | [FunctionCall-2] | Arg(main.js:<20,11>--<20,45>,1) |
| Exp(main.js:<21,25>--<21,32>) | [FunctionCall-2] | Arg(main.js:<21,11>--<21,45>,1) |
| Exp(main.js:<22,23>--<22,28>) | [FunctionCall-2] | Arg(main.js:<22,9>--<22,41>,1) |
| Exp(main.js:<23,22>--<23,26>) | [FunctionCall-2] | Arg(main.js:<23,8>--<23,27>,1) |
| Exp(main.js:<26,13>--<26,18>) | [FunctionCall-2] | Arg(main.js:<26,1>--<26,19>,1) |
| Fun(main.js:<1,17>--<14,1>) | [Assign-3] | Var(main.js:<1,5>--<1,13>) |
| Fun(main.js:<1,17>--<14,1>) | [FunctionExpr-1] | Exp(main.js:<1,17>--<14,1>) |
| Fun(main.js:<1,17>--<14,1>) | [FunctionExpr-3] | Var(main.js:<1,26>--<1,34>) |
| Param(main.js:<1,17>--<14,1>,1) | [Assign-1] | Prop(label) |
| Param(main.js:<1,17>--<14,1>,1) | [Assign-2] | Exp(main.js:<4,4>--<4,21>) |
| Prop(binop) | [LogicalOr-1]  | Exp(main.js:<12,17>--<12,34>) |
| Prop(keyword) | [Assign-1] | Prop(keyword) |
| Prop(keyword) | [Assign-2] | Exp(main.js:<5,4>--<5,30>) |
| Prop(log) | [FunctionCall-1] | Callee(main.js:<26,1>--<26,19>) |
| Res(main.js:<19,8>--<19,39>) | [FunctionCall-3] | Exp(main.js:<19,8>--<19,39>) |
| Res(main.js:<20,11>--<20,45>) | [FunctionCall-3] | Exp(main.js:<20,11>--<20,45>) |
| Res(main.js:<21,11>--<21,45>) | [FunctionCall-3] | Exp(main.js:<21,11>--<21,45>) |
| Res(main.js:<22,9>--<22,41>) | [FunctionCall-3] | Exp(main.js:<22,9>--<22,41>) |
| Res(main.js:<23,8>--<23,27>) | [FunctionCall-3] | Exp(main.js:<23,8>--<23,27>) |
| Res(main.js:<26,1>--<26,19>) | [FunctionCall-3] | Exp(main.js:<26,1>--<26,19>) |
| Ret(main.js:<1,17>--<14,1>) | [RetToRes] | Res(main.js:<19,8>--<19,39>) |
| Ret(main.js:<1,17>--<14,1>) | [RetToRes] | Res(main.js:<20,11>--<20,45>) |
| Ret(main.js:<1,17>--<14,1>) | [RetToRes] | Res(main.js:<21,11>--<21,45>) |
| Ret(main.js:<1,17>--<14,1>) | [RetToRes] | Res(main.js:<22,9>--<22,41>) |
| Ret(main.js:<1,17>--<14,1>) | [RetToRes] | Res(main.js:<23,8>--<23,27>) |
| Var(main.js:<1,5>--<1,13>) | [FunctionCall-1] | Callee(main.js:<19,8>--<19,39>) |
| Var(main.js:<1,5>--<1,13>) | [FunctionCall-1] | Callee(main.js:<20,11>--<20,45>) |
| Var(main.js:<1,5>--<1,13>) | [FunctionCall-1] | Callee(main.js:<21,11>--<21,45>) |
| Var(main.js:<1,5>--<1,13>) | [FunctionCall-1] | Callee(main.js:<22,9>--<22,41>) |
| Var(main.js:<1,5>--<1,13>) | [FunctionCall-1] | Callee(main.js:<23,8>--<23,27>) |
| Var(main.js:<16,38>--<16,47>) | [FunctionCall-2] | Arg(main.js:<19,8>--<19,39>,2) |
| Var(main.js:<16,38>--<16,47>) | [FunctionCall-2] | Arg(main.js:<20,11>--<20,45>,2) |
| Var(main.js:<16,38>--<16,47>) | [FunctionCall-2] | Arg(main.js:<21,11>--<21,45>,2) |
| Var(main.js:<16,38>--<16,47>) | [FunctionCall-2] | Arg(main.js:<22,9>--<22,41>,2) |
