| Callee(main.js:<11,9>--<11,15>) | Fun(main.js:<1,9>--<1,8>) |
| Callee(main.js:<12,1>--<12,5>) | Fun(main.js:<2,3>--<2,27>) |
| Callee(main.js:<12,9>--<12,15>) | Fun(main.js:<7,9>--<7,8>) |
| Callee(main.js:<13,9>--<13,13>) | Fun(main.js:<3,3>--<3,29>) |
| Callee(main.js:<14,1>--<14,7>) | Fun(main.js:<8,3>--<8,31>) |
