| Callee(globals.js:<627,71>--<627,74>) | Fun(main.js:<30,18>--<30,26>) |
| Callee(main.js:<4,16>--<4,40>) | Fun(net.js:<276,14>--<276,26>) |
| Callee(main.js:<5,1>--<5,16>) | Fun(net.js:<156,32>--<156,44>) |
| Callee(main.js:<5,1>--<5,16>) | Fun(net.js:<356,32>--<356,44>) |
| Callee(main.js:<6,1>--<6,23>) | Fun(net.js:<351,30>--<351,76>) |
| Callee(main.js:<8,1>--<8,32>) | Fun(net.js:<362,39>--<362,67>) |
| Callee(main.js:<9,1>--<9,15>) | Fun(net.js:<285,31>--<285,129>) |
| Callee(main.js:<9,1>--<9,15>) | Fun(net.js:<293,31>--<293,120>) |
| Callee(main.js:<9,1>--<9,15>) | Fun(net.js:<301,31>--<301,119>) |
| Callee(main.js:<9,1>--<9,15>) | Fun(net.js:<308,31>--<308,110>) |
| Callee(main.js:<9,1>--<9,15>) | Fun(net.js:<316,31>--<316,119>) |
| Callee(main.js:<9,1>--<9,15>) | Fun(net.js:<323,31>--<323,110>) |
| Callee(main.js:<9,1>--<9,15>) | Fun(net.js:<331,31>--<331,121>) |
| Callee(main.js:<9,1>--<9,15>) | Fun(net.js:<338,31>--<338,112>) |
| Callee(main.js:<9,1>--<9,15>) | Fun(net.js:<345,31>--<345,113>) |
| Callee(main.js:<11,1>--<11,28>) | Fun(net.js:<285,31>--<285,129>) |
| Callee(main.js:<11,1>--<11,28>) | Fun(net.js:<293,31>--<293,120>) |
| Callee(main.js:<11,1>--<11,28>) | Fun(net.js:<301,31>--<301,119>) |
| Callee(main.js:<11,1>--<11,28>) | Fun(net.js:<308,31>--<308,110>) |
| Callee(main.js:<11,1>--<11,28>) | Fun(net.js:<316,31>--<316,119>) |
| Callee(main.js:<11,1>--<11,28>) | Fun(net.js:<323,31>--<323,110>) |
| Callee(main.js:<11,1>--<11,28>) | Fun(net.js:<331,31>--<331,121>) |
| Callee(main.js:<11,1>--<11,28>) | Fun(net.js:<338,31>--<338,112>) |
| Callee(main.js:<11,1>--<11,28>) | Fun(net.js:<345,31>--<345,113>) |
| Callee(main.js:<12,1>--<12,12>) | Fun(globals.js:<1442,30>--<1442,42>) |
| Callee(main.js:<12,1>--<12,12>) | Fun(net.js:<166,28>--<166,40>) |
| Callee(main.js:<12,1>--<12,12>) | Fun(net.js:<367,28>--<367,40>) |
| Callee(main.js:<13,1>--<13,14>) | Fun(globals.js:<1447,32>--<1447,44>) |
| Callee(main.js:<13,1>--<13,14>) | Fun(net.js:<161,30>--<161,42>) |
| Callee(main.js:<13,1>--<13,14>) | Fun(net.js:<372,30>--<372,42>) |
| Callee(main.js:<15,16>--<15,31>) | Fun(net.js:<46,14>--<46,26>) |
| Callee(main.js:<17,1>--<17,16>) | Fun(net.js:<156,32>--<156,44>) |
| Callee(main.js:<17,1>--<17,16>) | Fun(net.js:<356,32>--<356,44>) |
| Callee(main.js:<18,1>--<18,16>) | Fun(net.js:<98,32>--<98,120>) |
| Callee(main.js:<18,1>--<18,16>) | Fun(net.js:<105,32>--<105,114>) |
| Callee(main.js:<18,1>--<18,16>) | Fun(net.js:<402,15>--<402,100>) |
| Callee(main.js:<18,1>--<18,16>) | Fun(net.js:<410,15>--<410,103>) |
| Callee(main.js:<18,1>--<18,16>) | Fun(net.js:<417,15>--<417,97>) |
| Callee(main.js:<19,1>--<19,29>) | Fun(net.js:<98,32>--<98,120>) |
| Callee(main.js:<19,1>--<19,29>) | Fun(net.js:<105,32>--<105,114>) |
| Callee(main.js:<19,1>--<19,29>) | Fun(net.js:<402,15>--<402,100>) |
| Callee(main.js:<19,1>--<19,29>) | Fun(net.js:<410,15>--<410,103>) |
| Callee(main.js:<19,1>--<19,29>) | Fun(net.js:<417,15>--<417,97>) |
| Callee(main.js:<20,1>--<20,16>) | Fun(net.js:<121,32>--<121,44>) |
| Callee(main.js:<21,1>--<21,21>) | Fun(globals.js:<640,39>--<640,51>) |
| Callee(main.js:<21,1>--<21,21>) | Fun(globals.js:<647,39>--<647,75>) |
| Callee(main.js:<21,1>--<21,21>) | Fun(globals.js:<654,39>--<654,72>) |
| Callee(main.js:<21,1>--<21,21>) | Fun(globals.js:<662,39>--<662,82>) |
| Callee(main.js:<21,1>--<21,21>) | Fun(net.js:<206,28>--<206,40>) |
| Callee(main.js:<21,1>--<21,21>) | Fun(net.js:<213,28>--<213,64>) |
| Callee(main.js:<21,1>--<21,21>) | Fun(net.js:<220,28>--<220,61>) |
| Callee(main.js:<21,1>--<21,21>) | Fun(net.js:<228,28>--<228,71>) |
| Callee(main.js:<21,1>--<21,21>) | Fun(net.js:<235,28>--<235,54>) |
| Callee(main.js:<22,1>--<22,14>) | Fun(globals.js:<571,41>--<571,53>) |
| Callee(main.js:<22,1>--<22,14>) | Fun(globals.js:<674,42>--<674,54>) |
| Callee(main.js:<22,1>--<22,14>) | Fun(net.js:<126,30>--<126,42>) |
| Callee(main.js:<23,1>--<23,12>) | Fun(globals.js:<1442,30>--<1442,42>) |
| Callee(main.js:<23,1>--<23,12>) | Fun(net.js:<166,28>--<166,40>) |
| Callee(main.js:<23,1>--<23,12>) | Fun(net.js:<367,28>--<367,40>) |
| Callee(main.js:<24,1>--<24,15>) | Fun(globals.js:<576,42>--<576,54>) |
| Callee(main.js:<24,1>--<24,15>) | Fun(globals.js:<679,43>--<679,55>) |
| Callee(main.js:<24,1>--<24,15>) | Fun(net.js:<131,31>--<131,43>) |
| Callee(main.js:<25,1>--<25,20>) | Fun(globals.js:<566,47>--<566,67>) |
| Callee(main.js:<25,1>--<25,20>) | Fun(net.js:<116,36>--<116,56>) |
| Callee(main.js:<26,1>--<26,21>) | Fun(net.js:<151,37>--<151,69>) |
| Callee(main.js:<27,1>--<27,19>) | Fun(net.js:<144,35>--<144,54>) |
| Callee(main.js:<28,1>--<28,28>) | Fun(jest.js:<188,15>--<188,36>) |
| Callee(main.js:<28,1>--<28,28>) | Fun(net.js:<138,35>--<138,90>) |
| Callee(main.js:<29,1>--<29,14>) | Fun(globals.js:<1447,32>--<1447,44>) |
| Callee(main.js:<29,1>--<29,14>) | Fun(net.js:<161,30>--<161,42>) |
| Callee(main.js:<29,1>--<29,14>) | Fun(net.js:<372,30>--<372,42>) |
| Callee(main.js:<30,1>--<30,27>) | Fun(globals.js:<627,41>--<627,77>) |
| Callee(main.js:<30,1>--<30,27>) | Fun(globals.js:<635,41>--<635,84>) |
| Callee(main.js:<30,1>--<30,27>) | Fun(globals.js:<1469,30>--<1469,74>) |
| Callee(main.js:<30,1>--<30,27>) | Fun(net.js:<52,30>--<52,48>) |
| Callee(main.js:<30,1>--<30,27>) | Fun(net.js:<59,30>--<59,66>) |
| Callee(main.js:<30,1>--<30,27>) | Fun(net.js:<66,30>--<66,63>) |
| Callee(main.js:<30,1>--<30,27>) | Fun(net.js:<74,30>--<74,73>) |
| Callee(main.js:<30,1>--<30,27>) | Fun(net.js:<82,30>--<82,59>) |
| Callee(main.js:<30,1>--<30,27>) | Fun(net.js:<90,30>--<90,92>) |
| Callee(main.js:<32,1>--<32,26>) | Fun(net.js:<98,32>--<98,120>) |
| Callee(main.js:<32,1>--<32,26>) | Fun(net.js:<105,32>--<105,114>) |
| Callee(main.js:<32,1>--<32,26>) | Fun(net.js:<402,15>--<402,100>) |
| Callee(main.js:<32,1>--<32,26>) | Fun(net.js:<410,15>--<410,103>) |
| Callee(main.js:<32,1>--<32,26>) | Fun(net.js:<417,15>--<417,97>) |
| Callee(main.js:<34,1>--<34,35>) | Fun(net.js:<424,24>--<424,109>) |
| Callee(main.js:<34,1>--<34,35>) | Fun(net.js:<432,24>--<432,112>) |
| Callee(main.js:<34,1>--<34,35>) | Fun(net.js:<439,24>--<439,106>) |
| Callee(main.js:<35,1>--<35,27>) | Fun(net.js:<388,20>--<388,96>) |
| Callee(main.js:<35,1>--<35,27>) | Fun(net.js:<395,20>--<395,105>) |
| Callee(main.js:<37,1>--<37,15>) | Fun(net.js:<445,12>--<445,29>) |
| Callee(main.js:<38,1>--<38,17>) | Fun(net.js:<451,14>--<451,31>) |
| Callee(main.js:<39,1>--<39,17>) | Fun(net.js:<457,14>--<457,31>) |
| Callee(net.js:<59,60>--<59,63>) | Fun(main.js:<30,18>--<30,26>) |
| Callee(net.js:<66,57>--<66,60>) | Fun(main.js:<30,18>--<30,26>) |
| Callee(net.js:<105,92>--<105,111>) | Fun(main.js:<19,20>--<19,28>) |
| Callee(net.js:<105,92>--<105,111>) | Fun(main.js:<32,17>--<32,25>) |
| Callee(net.js:<308,89>--<308,107>) | Fun(main.js:<11,19>--<11,27>) |
| Callee(net.js:<323,89>--<323,107>) | Fun(main.js:<11,19>--<11,27>) |
| Callee(net.js:<338,91>--<338,109>) | Fun(main.js:<11,19>--<11,27>) |
| Callee(net.js:<345,92>--<345,110>) | Fun(main.js:<11,19>--<11,27>) |
| Callee(net.js:<351,64>--<351,73>) | Fun(main.js:<6,14>--<6,22>) |
| Callee(net.js:<362,61>--<362,64>) | Fun(main.js:<8,23>--<8,31>) |
| Callee(net.js:<388,74>--<388,93>) | Fun(main.js:<35,18>--<35,26>) |
| Callee(net.js:<402,78>--<402,97>) | Fun(main.js:<19,20>--<19,28>) |
| Callee(net.js:<402,78>--<402,97>) | Fun(main.js:<32,17>--<32,25>) |
| Callee(net.js:<417,75>--<417,94>) | Fun(main.js:<19,20>--<19,28>) |
| Callee(net.js:<417,75>--<417,94>) | Fun(main.js:<32,17>--<32,25>) |
| Callee(net.js:<424,87>--<424,106>) | Fun(main.js:<34,26>--<34,34>) |
| Callee(net.js:<439,84>--<439,103>) | Fun(main.js:<34,26>--<34,34>) |
